TimeQuest Timing Analyzer report for sumadores_x_bits
Sat Oct 14 08:41:04 2023
Quartus II 32-bit Version 13.0.1 Build 232 06/12/2013 Service Pack 1 SJ Web Edition


---------------------
; Table of Contents ;
---------------------
  1. Legal Notice
  2. TimeQuest Timing Analyzer Summary
  3. Parallel Compilation
  4. Clocks
  5. Slow Model Fmax Summary
  6. Slow Model Setup Summary
  7. Slow Model Hold Summary
  8. Slow Model Recovery Summary
  9. Slow Model Removal Summary
 10. Slow Model Minimum Pulse Width Summary
 11. Propagation Delay
 12. Minimum Propagation Delay
 13. Fast Model Setup Summary
 14. Fast Model Hold Summary
 15. Fast Model Recovery Summary
 16. Fast Model Removal Summary
 17. Fast Model Minimum Pulse Width Summary
 18. Propagation Delay
 19. Minimum Propagation Delay
 20. Multicorner Timing Analysis Summary
 21. Progagation Delay
 22. Minimum Progagation Delay
 23. Clock Transfers
 24. Report TCCS
 25. Report RSKM
 26. Unconstrained Paths
 27. TimeQuest Timing Analyzer Messages



----------------
; Legal Notice ;
----------------
Copyright (C) 1991-2013 Altera Corporation
Your use of Altera Corporation's design tools, logic functions 
and other software and tools, and its AMPP partner logic 
functions, and any output files from any of the foregoing 
(including device programming or simulation files), and any 
associated documentation or information are expressly subject 
to the terms and conditions of the Altera Program License 
Subscription Agreement, Altera MegaCore Function License 
Agreement, or other applicable license agreement, including, 
without limitation, that your use is for the sole purpose of 
programming logic devices manufactured by Altera and sold by 
Altera or its authorized distributors.  Please refer to the 
applicable agreement for further details.



+----------------------------------------------------------------------------------------+
; TimeQuest Timing Analyzer Summary                                                      ;
+--------------------+-------------------------------------------------------------------+
; Quartus II Version ; Version 13.0.1 Build 232 06/12/2013 Service Pack 1 SJ Web Edition ;
; Revision Name      ; sumadores_x_bits                                                  ;
; Device Family      ; Cyclone II                                                        ;
; Device Name        ; EP2C20F484C7                                                      ;
; Timing Models      ; Final                                                             ;
; Delay Model        ; Combined                                                          ;
; Rise/Fall Delays   ; Unavailable                                                       ;
+--------------------+-------------------------------------------------------------------+


Parallel compilation was disabled, but you have multiple processors available. Enable parallel compilation to reduce compilation time.
+-------------------------------------+
; Parallel Compilation                ;
+----------------------------+--------+
; Processors                 ; Number ;
+----------------------------+--------+
; Number detected on machine ; 8      ;
; Maximum allowed            ; 1      ;
+----------------------------+--------+


----------
; Clocks ;
----------
No clocks to report.


---------------------------
; Slow Model Fmax Summary ;
---------------------------
No paths to report.


----------------------------
; Slow Model Setup Summary ;
----------------------------
No paths to report.


---------------------------
; Slow Model Hold Summary ;
---------------------------
No paths to report.


-------------------------------
; Slow Model Recovery Summary ;
-------------------------------
No paths to report.


------------------------------
; Slow Model Removal Summary ;
------------------------------
No paths to report.


------------------------------------------
; Slow Model Minimum Pulse Width Summary ;
------------------------------------------
No paths to report.


+--------------------------------------------------------------+
; Propagation Delay                                            ;
+------------+-------------+--------+--------+--------+--------+
; Input Port ; Output Port ; RR     ; RF     ; FR     ; FF     ;
+------------+-------------+--------+--------+--------+--------+
; ivA[0]     ; Cout        ; 19.908 ;        ;        ; 19.908 ;
; ivA[0]     ; ovS[0]      ; 11.053 ; 11.053 ; 11.053 ; 11.053 ;
; ivA[0]     ; ovS[1]      ; 11.784 ; 11.784 ; 11.784 ; 11.784 ;
; ivA[0]     ; ovS[2]      ; 11.688 ; 11.688 ; 11.688 ; 11.688 ;
; ivA[0]     ; ovS[3]      ; 12.637 ; 12.637 ; 12.637 ; 12.637 ;
; ivA[0]     ; ovS[4]      ; 13.411 ; 13.411 ; 13.411 ; 13.411 ;
; ivA[0]     ; ovS[5]      ; 13.749 ; 13.749 ; 13.749 ; 13.749 ;
; ivA[0]     ; ovS[6]      ; 17.377 ; 17.377 ; 17.377 ; 17.377 ;
; ivA[0]     ; ovS[7]      ; 17.604 ; 17.604 ; 17.604 ; 17.604 ;
; ivA[0]     ; ovS[8]      ; 17.273 ; 17.273 ; 17.273 ; 17.273 ;
; ivA[1]     ; Cout        ; 20.304 ;        ;        ; 20.304 ;
; ivA[1]     ; ovS[1]      ; 12.179 ; 12.179 ; 12.179 ; 12.179 ;
; ivA[1]     ; ovS[2]      ; 12.084 ; 12.084 ; 12.084 ; 12.084 ;
; ivA[1]     ; ovS[3]      ; 13.033 ; 13.033 ; 13.033 ; 13.033 ;
; ivA[1]     ; ovS[4]      ; 13.807 ; 13.807 ; 13.807 ; 13.807 ;
; ivA[1]     ; ovS[5]      ; 14.145 ; 14.145 ; 14.145 ; 14.145 ;
; ivA[1]     ; ovS[6]      ; 17.773 ; 17.773 ; 17.773 ; 17.773 ;
; ivA[1]     ; ovS[7]      ; 18.000 ; 18.000 ; 18.000 ; 18.000 ;
; ivA[1]     ; ovS[8]      ; 17.669 ; 17.669 ; 17.669 ; 17.669 ;
; ivA[2]     ; Cout        ; 19.859 ;        ;        ; 19.859 ;
; ivA[2]     ; ovS[2]      ; 11.632 ; 11.632 ; 11.632 ; 11.632 ;
; ivA[2]     ; ovS[3]      ; 12.588 ; 12.588 ; 12.588 ; 12.588 ;
; ivA[2]     ; ovS[4]      ; 13.362 ; 13.362 ; 13.362 ; 13.362 ;
; ivA[2]     ; ovS[5]      ; 13.700 ; 13.700 ; 13.700 ; 13.700 ;
; ivA[2]     ; ovS[6]      ; 17.328 ; 17.328 ; 17.328 ; 17.328 ;
; ivA[2]     ; ovS[7]      ; 17.555 ; 17.555 ; 17.555 ; 17.555 ;
; ivA[2]     ; ovS[8]      ; 17.224 ; 17.224 ; 17.224 ; 17.224 ;
; ivA[3]     ; Cout        ; 19.715 ;        ;        ; 19.715 ;
; ivA[3]     ; ovS[3]      ; 12.436 ; 12.436 ; 12.436 ; 12.436 ;
; ivA[3]     ; ovS[4]      ; 13.218 ; 13.218 ; 13.218 ; 13.218 ;
; ivA[3]     ; ovS[5]      ; 13.556 ; 13.556 ; 13.556 ; 13.556 ;
; ivA[3]     ; ovS[6]      ; 17.184 ; 17.184 ; 17.184 ; 17.184 ;
; ivA[3]     ; ovS[7]      ; 17.411 ; 17.411 ; 17.411 ; 17.411 ;
; ivA[3]     ; ovS[8]      ; 17.080 ; 17.080 ; 17.080 ; 17.080 ;
; ivA[4]     ; Cout        ; 18.184 ;        ;        ; 18.184 ;
; ivA[4]     ; ovS[4]      ; 11.692 ; 11.692 ; 11.692 ; 11.692 ;
; ivA[4]     ; ovS[5]      ; 12.027 ; 12.027 ; 12.027 ; 12.027 ;
; ivA[4]     ; ovS[6]      ; 15.653 ; 15.653 ; 15.653 ; 15.653 ;
; ivA[4]     ; ovS[7]      ; 15.880 ; 15.880 ; 15.880 ; 15.880 ;
; ivA[4]     ; ovS[8]      ; 15.549 ; 15.549 ; 15.549 ; 15.549 ;
; ivA[5]     ; Cout        ; 17.084 ;        ;        ; 17.084 ;
; ivA[5]     ; ovS[5]      ; 11.146 ; 11.146 ; 11.146 ; 11.146 ;
; ivA[5]     ; ovS[6]      ; 14.553 ; 14.553 ; 14.553 ; 14.553 ;
; ivA[5]     ; ovS[7]      ; 14.780 ; 14.780 ; 14.780 ; 14.780 ;
; ivA[5]     ; ovS[8]      ; 14.449 ; 14.449 ; 14.449 ; 14.449 ;
; ivA[6]     ; Cout        ; 13.417 ;        ;        ; 13.417 ;
; ivA[6]     ; ovS[6]      ; 10.893 ; 10.893 ; 10.893 ; 10.893 ;
; ivA[6]     ; ovS[7]      ; 11.122 ; 11.122 ; 11.122 ; 11.122 ;
; ivA[6]     ; ovS[8]      ; 10.782 ; 10.782 ; 10.782 ; 10.782 ;
; ivA[7]     ; Cout        ; 14.212 ;        ;        ; 14.212 ;
; ivA[7]     ; ovS[7]      ; 11.911 ; 11.911 ; 11.911 ; 11.911 ;
; ivA[7]     ; ovS[8]      ; 11.577 ; 11.577 ; 11.577 ; 11.577 ;
; ivA[8]     ; Cout        ; 9.646  ;        ;        ; 9.646  ;
; ivA[8]     ; ovS[8]      ; 7.015  ; 7.015  ; 7.015  ; 7.015  ;
; ivB[0]     ; Cout        ; 20.577 ;        ;        ; 20.577 ;
; ivB[0]     ; ovS[0]      ; 11.489 ; 11.489 ; 11.489 ; 11.489 ;
; ivB[0]     ; ovS[1]      ; 12.459 ; 12.459 ; 12.459 ; 12.459 ;
; ivB[0]     ; ovS[2]      ; 12.357 ; 12.357 ; 12.357 ; 12.357 ;
; ivB[0]     ; ovS[3]      ; 13.306 ; 13.306 ; 13.306 ; 13.306 ;
; ivB[0]     ; ovS[4]      ; 14.080 ; 14.080 ; 14.080 ; 14.080 ;
; ivB[0]     ; ovS[5]      ; 14.418 ; 14.418 ; 14.418 ; 14.418 ;
; ivB[0]     ; ovS[6]      ; 18.046 ; 18.046 ; 18.046 ; 18.046 ;
; ivB[0]     ; ovS[7]      ; 18.273 ; 18.273 ; 18.273 ; 18.273 ;
; ivB[0]     ; ovS[8]      ; 17.942 ; 17.942 ; 17.942 ; 17.942 ;
; ivB[1]     ; Cout        ; 20.479 ;        ;        ; 20.479 ;
; ivB[1]     ; ovS[1]      ; 12.359 ; 12.359 ; 12.359 ; 12.359 ;
; ivB[1]     ; ovS[2]      ; 12.259 ; 12.259 ; 12.259 ; 12.259 ;
; ivB[1]     ; ovS[3]      ; 13.208 ; 13.208 ; 13.208 ; 13.208 ;
; ivB[1]     ; ovS[4]      ; 13.982 ; 13.982 ; 13.982 ; 13.982 ;
; ivB[1]     ; ovS[5]      ; 14.320 ; 14.320 ; 14.320 ; 14.320 ;
; ivB[1]     ; ovS[6]      ; 17.948 ; 17.948 ; 17.948 ; 17.948 ;
; ivB[1]     ; ovS[7]      ; 18.175 ; 18.175 ; 18.175 ; 18.175 ;
; ivB[1]     ; ovS[8]      ; 17.844 ; 17.844 ; 17.844 ; 17.844 ;
; ivB[2]     ; Cout        ; 19.916 ;        ;        ; 19.916 ;
; ivB[2]     ; ovS[2]      ; 11.685 ; 11.685 ; 11.685 ; 11.685 ;
; ivB[2]     ; ovS[3]      ; 12.645 ; 12.645 ; 12.645 ; 12.645 ;
; ivB[2]     ; ovS[4]      ; 13.419 ; 13.419 ; 13.419 ; 13.419 ;
; ivB[2]     ; ovS[5]      ; 13.757 ; 13.757 ; 13.757 ; 13.757 ;
; ivB[2]     ; ovS[6]      ; 17.385 ; 17.385 ; 17.385 ; 17.385 ;
; ivB[2]     ; ovS[7]      ; 17.612 ; 17.612 ; 17.612 ; 17.612 ;
; ivB[2]     ; ovS[8]      ; 17.281 ; 17.281 ; 17.281 ; 17.281 ;
; ivB[3]     ; Cout        ; 20.264 ;        ;        ; 20.264 ;
; ivB[3]     ; ovS[3]      ; 12.991 ; 12.991 ; 12.991 ; 12.991 ;
; ivB[3]     ; ovS[4]      ; 13.767 ; 13.767 ; 13.767 ; 13.767 ;
; ivB[3]     ; ovS[5]      ; 14.105 ; 14.105 ; 14.105 ; 14.105 ;
; ivB[3]     ; ovS[6]      ; 17.733 ; 17.733 ; 17.733 ; 17.733 ;
; ivB[3]     ; ovS[7]      ; 17.960 ; 17.960 ; 17.960 ; 17.960 ;
; ivB[3]     ; ovS[8]      ; 17.629 ; 17.629 ; 17.629 ; 17.629 ;
; ivB[4]     ; Cout        ; 17.852 ;        ;        ; 17.852 ;
; ivB[4]     ; ovS[4]      ; 11.353 ; 11.353 ; 11.353 ; 11.353 ;
; ivB[4]     ; ovS[5]      ; 11.691 ; 11.691 ; 11.691 ; 11.691 ;
; ivB[4]     ; ovS[6]      ; 15.321 ; 15.321 ; 15.321 ; 15.321 ;
; ivB[4]     ; ovS[7]      ; 15.548 ; 15.548 ; 15.548 ; 15.548 ;
; ivB[4]     ; ovS[8]      ; 15.217 ; 15.217 ; 15.217 ; 15.217 ;
; ivB[5]     ; Cout        ; 17.295 ;        ;        ; 17.295 ;
; ivB[5]     ; ovS[5]      ; 11.559 ; 11.559 ; 11.559 ; 11.559 ;
; ivB[5]     ; ovS[6]      ; 14.764 ; 14.764 ; 14.764 ; 14.764 ;
; ivB[5]     ; ovS[7]      ; 14.991 ; 14.991 ; 14.991 ; 14.991 ;
; ivB[5]     ; ovS[8]      ; 14.660 ; 14.660 ; 14.660 ; 14.660 ;
; ivB[6]     ; Cout        ; 13.964 ;        ;        ; 13.964 ;
; ivB[6]     ; ovS[6]      ; 11.438 ; 11.438 ; 11.438 ; 11.438 ;
; ivB[6]     ; ovS[7]      ; 11.665 ; 11.665 ; 11.665 ; 11.665 ;
; ivB[6]     ; ovS[8]      ; 11.329 ; 11.329 ; 11.329 ; 11.329 ;
; ivB[7]     ; Cout        ; 14.811 ;        ;        ; 14.811 ;
; ivB[7]     ; ovS[7]      ; 12.559 ; 12.559 ; 12.559 ; 12.559 ;
; ivB[7]     ; ovS[8]      ; 12.176 ; 12.176 ; 12.176 ; 12.176 ;
; ivB[8]     ; Cout        ; 9.596  ;        ;        ; 9.596  ;
; ivB[8]     ; ovS[8]      ; 6.961  ; 6.961  ; 6.961  ; 6.961  ;
+------------+-------------+--------+--------+--------+--------+


+--------------------------------------------------------------+
; Minimum Propagation Delay                                    ;
+------------+-------------+--------+--------+--------+--------+
; Input Port ; Output Port ; RR     ; RF     ; FR     ; FF     ;
+------------+-------------+--------+--------+--------+--------+
; ivA[0]     ; Cout        ; 19.908 ;        ;        ; 19.908 ;
; ivA[0]     ; ovS[0]      ; 11.053 ; 11.053 ; 11.053 ; 11.053 ;
; ivA[0]     ; ovS[1]      ; 11.784 ; 11.784 ; 11.784 ; 11.784 ;
; ivA[0]     ; ovS[2]      ; 11.688 ; 11.688 ; 11.688 ; 11.688 ;
; ivA[0]     ; ovS[3]      ; 12.637 ; 12.637 ; 12.637 ; 12.637 ;
; ivA[0]     ; ovS[4]      ; 13.411 ; 13.411 ; 13.411 ; 13.411 ;
; ivA[0]     ; ovS[5]      ; 13.749 ; 13.749 ; 13.749 ; 13.749 ;
; ivA[0]     ; ovS[6]      ; 17.377 ; 17.377 ; 17.377 ; 17.377 ;
; ivA[0]     ; ovS[7]      ; 17.604 ; 17.604 ; 17.604 ; 17.604 ;
; ivA[0]     ; ovS[8]      ; 17.273 ; 17.273 ; 17.273 ; 17.273 ;
; ivA[1]     ; Cout        ; 20.304 ;        ;        ; 20.304 ;
; ivA[1]     ; ovS[1]      ; 12.179 ; 12.179 ; 12.179 ; 12.179 ;
; ivA[1]     ; ovS[2]      ; 12.084 ; 12.084 ; 12.084 ; 12.084 ;
; ivA[1]     ; ovS[3]      ; 13.033 ; 13.033 ; 13.033 ; 13.033 ;
; ivA[1]     ; ovS[4]      ; 13.807 ; 13.807 ; 13.807 ; 13.807 ;
; ivA[1]     ; ovS[5]      ; 14.145 ; 14.145 ; 14.145 ; 14.145 ;
; ivA[1]     ; ovS[6]      ; 17.773 ; 17.773 ; 17.773 ; 17.773 ;
; ivA[1]     ; ovS[7]      ; 18.000 ; 18.000 ; 18.000 ; 18.000 ;
; ivA[1]     ; ovS[8]      ; 17.669 ; 17.669 ; 17.669 ; 17.669 ;
; ivA[2]     ; Cout        ; 19.859 ;        ;        ; 19.859 ;
; ivA[2]     ; ovS[2]      ; 11.632 ; 11.632 ; 11.632 ; 11.632 ;
; ivA[2]     ; ovS[3]      ; 12.588 ; 12.588 ; 12.588 ; 12.588 ;
; ivA[2]     ; ovS[4]      ; 13.362 ; 13.362 ; 13.362 ; 13.362 ;
; ivA[2]     ; ovS[5]      ; 13.700 ; 13.700 ; 13.700 ; 13.700 ;
; ivA[2]     ; ovS[6]      ; 17.328 ; 17.328 ; 17.328 ; 17.328 ;
; ivA[2]     ; ovS[7]      ; 17.555 ; 17.555 ; 17.555 ; 17.555 ;
; ivA[2]     ; ovS[8]      ; 17.224 ; 17.224 ; 17.224 ; 17.224 ;
; ivA[3]     ; Cout        ; 19.715 ;        ;        ; 19.715 ;
; ivA[3]     ; ovS[3]      ; 12.436 ; 12.436 ; 12.436 ; 12.436 ;
; ivA[3]     ; ovS[4]      ; 13.218 ; 13.218 ; 13.218 ; 13.218 ;
; ivA[3]     ; ovS[5]      ; 13.556 ; 13.556 ; 13.556 ; 13.556 ;
; ivA[3]     ; ovS[6]      ; 17.184 ; 17.184 ; 17.184 ; 17.184 ;
; ivA[3]     ; ovS[7]      ; 17.411 ; 17.411 ; 17.411 ; 17.411 ;
; ivA[3]     ; ovS[8]      ; 17.080 ; 17.080 ; 17.080 ; 17.080 ;
; ivA[4]     ; Cout        ; 18.184 ;        ;        ; 18.184 ;
; ivA[4]     ; ovS[4]      ; 11.692 ; 11.692 ; 11.692 ; 11.692 ;
; ivA[4]     ; ovS[5]      ; 12.027 ; 12.027 ; 12.027 ; 12.027 ;
; ivA[4]     ; ovS[6]      ; 15.653 ; 15.653 ; 15.653 ; 15.653 ;
; ivA[4]     ; ovS[7]      ; 15.880 ; 15.880 ; 15.880 ; 15.880 ;
; ivA[4]     ; ovS[8]      ; 15.549 ; 15.549 ; 15.549 ; 15.549 ;
; ivA[5]     ; Cout        ; 17.084 ;        ;        ; 17.084 ;
; ivA[5]     ; ovS[5]      ; 11.146 ; 11.146 ; 11.146 ; 11.146 ;
; ivA[5]     ; ovS[6]      ; 14.553 ; 14.553 ; 14.553 ; 14.553 ;
; ivA[5]     ; ovS[7]      ; 14.780 ; 14.780 ; 14.780 ; 14.780 ;
; ivA[5]     ; ovS[8]      ; 14.449 ; 14.449 ; 14.449 ; 14.449 ;
; ivA[6]     ; Cout        ; 13.417 ;        ;        ; 13.417 ;
; ivA[6]     ; ovS[6]      ; 10.893 ; 10.893 ; 10.893 ; 10.893 ;
; ivA[6]     ; ovS[7]      ; 11.122 ; 11.122 ; 11.122 ; 11.122 ;
; ivA[6]     ; ovS[8]      ; 10.782 ; 10.782 ; 10.782 ; 10.782 ;
; ivA[7]     ; Cout        ; 13.778 ;        ;        ; 13.778 ;
; ivA[7]     ; ovS[7]      ; 11.911 ; 11.911 ; 11.911 ; 11.911 ;
; ivA[7]     ; ovS[8]      ; 11.142 ; 11.142 ; 11.142 ; 11.142 ;
; ivA[8]     ; Cout        ; 9.646  ;        ;        ; 9.646  ;
; ivA[8]     ; ovS[8]      ; 7.015  ; 7.015  ; 7.015  ; 7.015  ;
; ivB[0]     ; Cout        ; 20.577 ;        ;        ; 20.577 ;
; ivB[0]     ; ovS[0]      ; 11.489 ; 11.489 ; 11.489 ; 11.489 ;
; ivB[0]     ; ovS[1]      ; 12.459 ; 12.459 ; 12.459 ; 12.459 ;
; ivB[0]     ; ovS[2]      ; 12.357 ; 12.357 ; 12.357 ; 12.357 ;
; ivB[0]     ; ovS[3]      ; 13.306 ; 13.306 ; 13.306 ; 13.306 ;
; ivB[0]     ; ovS[4]      ; 14.080 ; 14.080 ; 14.080 ; 14.080 ;
; ivB[0]     ; ovS[5]      ; 14.418 ; 14.418 ; 14.418 ; 14.418 ;
; ivB[0]     ; ovS[6]      ; 18.046 ; 18.046 ; 18.046 ; 18.046 ;
; ivB[0]     ; ovS[7]      ; 18.273 ; 18.273 ; 18.273 ; 18.273 ;
; ivB[0]     ; ovS[8]      ; 17.942 ; 17.942 ; 17.942 ; 17.942 ;
; ivB[1]     ; Cout        ; 20.479 ;        ;        ; 20.479 ;
; ivB[1]     ; ovS[1]      ; 12.359 ; 12.359 ; 12.359 ; 12.359 ;
; ivB[1]     ; ovS[2]      ; 12.259 ; 12.259 ; 12.259 ; 12.259 ;
; ivB[1]     ; ovS[3]      ; 13.208 ; 13.208 ; 13.208 ; 13.208 ;
; ivB[1]     ; ovS[4]      ; 13.982 ; 13.982 ; 13.982 ; 13.982 ;
; ivB[1]     ; ovS[5]      ; 14.320 ; 14.320 ; 14.320 ; 14.320 ;
; ivB[1]     ; ovS[6]      ; 17.948 ; 17.948 ; 17.948 ; 17.948 ;
; ivB[1]     ; ovS[7]      ; 18.175 ; 18.175 ; 18.175 ; 18.175 ;
; ivB[1]     ; ovS[8]      ; 17.844 ; 17.844 ; 17.844 ; 17.844 ;
; ivB[2]     ; Cout        ; 19.916 ;        ;        ; 19.916 ;
; ivB[2]     ; ovS[2]      ; 11.685 ; 11.685 ; 11.685 ; 11.685 ;
; ivB[2]     ; ovS[3]      ; 12.645 ; 12.645 ; 12.645 ; 12.645 ;
; ivB[2]     ; ovS[4]      ; 13.419 ; 13.419 ; 13.419 ; 13.419 ;
; ivB[2]     ; ovS[5]      ; 13.757 ; 13.757 ; 13.757 ; 13.757 ;
; ivB[2]     ; ovS[6]      ; 17.385 ; 17.385 ; 17.385 ; 17.385 ;
; ivB[2]     ; ovS[7]      ; 17.612 ; 17.612 ; 17.612 ; 17.612 ;
; ivB[2]     ; ovS[8]      ; 17.281 ; 17.281 ; 17.281 ; 17.281 ;
; ivB[3]     ; Cout        ; 20.264 ;        ;        ; 20.264 ;
; ivB[3]     ; ovS[3]      ; 12.991 ; 12.991 ; 12.991 ; 12.991 ;
; ivB[3]     ; ovS[4]      ; 13.767 ; 13.767 ; 13.767 ; 13.767 ;
; ivB[3]     ; ovS[5]      ; 14.105 ; 14.105 ; 14.105 ; 14.105 ;
; ivB[3]     ; ovS[6]      ; 17.733 ; 17.733 ; 17.733 ; 17.733 ;
; ivB[3]     ; ovS[7]      ; 17.960 ; 17.960 ; 17.960 ; 17.960 ;
; ivB[3]     ; ovS[8]      ; 17.629 ; 17.629 ; 17.629 ; 17.629 ;
; ivB[4]     ; Cout        ; 17.852 ;        ;        ; 17.852 ;
; ivB[4]     ; ovS[4]      ; 11.353 ; 11.353 ; 11.353 ; 11.353 ;
; ivB[4]     ; ovS[5]      ; 11.691 ; 11.691 ; 11.691 ; 11.691 ;
; ivB[4]     ; ovS[6]      ; 15.321 ; 15.321 ; 15.321 ; 15.321 ;
; ivB[4]     ; ovS[7]      ; 15.548 ; 15.548 ; 15.548 ; 15.548 ;
; ivB[4]     ; ovS[8]      ; 15.217 ; 15.217 ; 15.217 ; 15.217 ;
; ivB[5]     ; Cout        ; 17.295 ;        ;        ; 17.295 ;
; ivB[5]     ; ovS[5]      ; 11.559 ; 11.559 ; 11.559 ; 11.559 ;
; ivB[5]     ; ovS[6]      ; 14.764 ; 14.764 ; 14.764 ; 14.764 ;
; ivB[5]     ; ovS[7]      ; 14.991 ; 14.991 ; 14.991 ; 14.991 ;
; ivB[5]     ; ovS[8]      ; 14.660 ; 14.660 ; 14.660 ; 14.660 ;
; ivB[6]     ; Cout        ; 13.964 ;        ;        ; 13.964 ;
; ivB[6]     ; ovS[6]      ; 11.438 ; 11.438 ; 11.438 ; 11.438 ;
; ivB[6]     ; ovS[7]      ; 11.665 ; 11.665 ; 11.665 ; 11.665 ;
; ivB[6]     ; ovS[8]      ; 11.329 ; 11.329 ; 11.329 ; 11.329 ;
; ivB[7]     ; Cout        ; 14.420 ;        ;        ; 14.420 ;
; ivB[7]     ; ovS[7]      ; 12.559 ; 12.559 ; 12.559 ; 12.559 ;
; ivB[7]     ; ovS[8]      ; 11.784 ; 11.784 ; 11.784 ; 11.784 ;
; ivB[8]     ; Cout        ; 9.596  ;        ;        ; 9.596  ;
; ivB[8]     ; ovS[8]      ; 6.961  ; 6.961  ; 6.961  ; 6.961  ;
+------------+-------------+--------+--------+--------+--------+


----------------------------
; Fast Model Setup Summary ;
----------------------------
No paths to report.


---------------------------
; Fast Model Hold Summary ;
---------------------------
No paths to report.


-------------------------------
; Fast Model Recovery Summary ;
-------------------------------
No paths to report.


------------------------------
; Fast Model Removal Summary ;
------------------------------
No paths to report.


------------------------------------------
; Fast Model Minimum Pulse Width Summary ;
------------------------------------------
No paths to report.


+----------------------------------------------------------+
; Propagation Delay                                        ;
+------------+-------------+-------+-------+-------+-------+
; Input Port ; Output Port ; RR    ; RF    ; FR    ; FF    ;
+------------+-------------+-------+-------+-------+-------+
; ivA[0]     ; Cout        ; 8.945 ;       ;       ; 8.945 ;
; ivA[0]     ; ovS[0]      ; 5.549 ; 5.549 ; 5.549 ; 5.549 ;
; ivA[0]     ; ovS[1]      ; 5.854 ; 5.854 ; 5.854 ; 5.854 ;
; ivA[0]     ; ovS[2]      ; 5.770 ; 5.770 ; 5.770 ; 5.770 ;
; ivA[0]     ; ovS[3]      ; 6.106 ; 6.106 ; 6.106 ; 6.106 ;
; ivA[0]     ; ovS[4]      ; 6.466 ; 6.466 ; 6.466 ; 6.466 ;
; ivA[0]     ; ovS[5]      ; 6.469 ; 6.469 ; 6.469 ; 6.469 ;
; ivA[0]     ; ovS[6]      ; 7.905 ; 7.905 ; 7.905 ; 7.905 ;
; ivA[0]     ; ovS[7]      ; 8.014 ; 8.014 ; 8.014 ; 8.014 ;
; ivA[0]     ; ovS[8]      ; 7.842 ; 7.842 ; 7.842 ; 7.842 ;
; ivA[1]     ; Cout        ; 9.104 ;       ;       ; 9.104 ;
; ivA[1]     ; ovS[1]      ; 6.012 ; 6.012 ; 6.012 ; 6.012 ;
; ivA[1]     ; ovS[2]      ; 5.929 ; 5.929 ; 5.929 ; 5.929 ;
; ivA[1]     ; ovS[3]      ; 6.265 ; 6.265 ; 6.265 ; 6.265 ;
; ivA[1]     ; ovS[4]      ; 6.625 ; 6.625 ; 6.625 ; 6.625 ;
; ivA[1]     ; ovS[5]      ; 6.628 ; 6.628 ; 6.628 ; 6.628 ;
; ivA[1]     ; ovS[6]      ; 8.064 ; 8.064 ; 8.064 ; 8.064 ;
; ivA[1]     ; ovS[7]      ; 8.173 ; 8.173 ; 8.173 ; 8.173 ;
; ivA[1]     ; ovS[8]      ; 8.001 ; 8.001 ; 8.001 ; 8.001 ;
; ivA[2]     ; Cout        ; 8.958 ;       ;       ; 8.958 ;
; ivA[2]     ; ovS[2]      ; 5.780 ; 5.780 ; 5.780 ; 5.780 ;
; ivA[2]     ; ovS[3]      ; 6.119 ; 6.119 ; 6.119 ; 6.119 ;
; ivA[2]     ; ovS[4]      ; 6.479 ; 6.479 ; 6.479 ; 6.479 ;
; ivA[2]     ; ovS[5]      ; 6.482 ; 6.482 ; 6.482 ; 6.482 ;
; ivA[2]     ; ovS[6]      ; 7.918 ; 7.918 ; 7.918 ; 7.918 ;
; ivA[2]     ; ovS[7]      ; 8.027 ; 8.027 ; 8.027 ; 8.027 ;
; ivA[2]     ; ovS[8]      ; 7.855 ; 7.855 ; 7.855 ; 7.855 ;
; ivA[3]     ; Cout        ; 8.962 ;       ;       ; 8.962 ;
; ivA[3]     ; ovS[3]      ; 6.116 ; 6.116 ; 6.116 ; 6.116 ;
; ivA[3]     ; ovS[4]      ; 6.483 ; 6.483 ; 6.483 ; 6.483 ;
; ivA[3]     ; ovS[5]      ; 6.486 ; 6.486 ; 6.486 ; 6.486 ;
; ivA[3]     ; ovS[6]      ; 7.922 ; 7.922 ; 7.922 ; 7.922 ;
; ivA[3]     ; ovS[7]      ; 8.031 ; 8.031 ; 8.031 ; 8.031 ;
; ivA[3]     ; ovS[8]      ; 7.859 ; 7.859 ; 7.859 ; 7.859 ;
; ivA[4]     ; Cout        ; 8.356 ;       ;       ; 8.356 ;
; ivA[4]     ; ovS[4]      ; 5.879 ; 5.879 ; 5.879 ; 5.879 ;
; ivA[4]     ; ovS[5]      ; 5.882 ; 5.882 ; 5.882 ; 5.882 ;
; ivA[4]     ; ovS[6]      ; 7.316 ; 7.316 ; 7.316 ; 7.316 ;
; ivA[4]     ; ovS[7]      ; 7.425 ; 7.425 ; 7.425 ; 7.425 ;
; ivA[4]     ; ovS[8]      ; 7.253 ; 7.253 ; 7.253 ; 7.253 ;
; ivA[5]     ; Cout        ; 7.974 ;       ;       ; 7.974 ;
; ivA[5]     ; ovS[5]      ; 5.568 ; 5.568 ; 5.568 ; 5.568 ;
; ivA[5]     ; ovS[6]      ; 6.934 ; 6.934 ; 6.934 ; 6.934 ;
; ivA[5]     ; ovS[7]      ; 7.043 ; 7.043 ; 7.043 ; 7.043 ;
; ivA[5]     ; ovS[8]      ; 6.871 ; 6.871 ; 6.871 ; 6.871 ;
; ivA[6]     ; Cout        ; 6.498 ;       ;       ; 6.498 ;
; ivA[6]     ; ovS[6]      ; 5.467 ; 5.467 ; 5.467 ; 5.467 ;
; ivA[6]     ; ovS[7]      ; 5.574 ; 5.574 ; 5.574 ; 5.574 ;
; ivA[6]     ; ovS[8]      ; 5.395 ; 5.395 ; 5.395 ; 5.395 ;
; ivA[7]     ; Cout        ; 6.804 ;       ;       ; 6.804 ;
; ivA[7]     ; ovS[7]      ; 5.872 ; 5.872 ; 5.872 ; 5.872 ;
; ivA[7]     ; ovS[8]      ; 5.701 ; 5.701 ; 5.701 ; 5.701 ;
; ivA[8]     ; Cout        ; 4.377 ;       ;       ; 4.377 ;
; ivA[8]     ; ovS[8]      ; 3.275 ; 3.275 ; 3.275 ; 3.275 ;
; ivB[0]     ; Cout        ; 9.203 ;       ;       ; 9.203 ;
; ivB[0]     ; ovS[0]      ; 5.733 ; 5.733 ; 5.733 ; 5.733 ;
; ivB[0]     ; ovS[1]      ; 6.118 ; 6.118 ; 6.118 ; 6.118 ;
; ivB[0]     ; ovS[2]      ; 6.028 ; 6.028 ; 6.028 ; 6.028 ;
; ivB[0]     ; ovS[3]      ; 6.364 ; 6.364 ; 6.364 ; 6.364 ;
; ivB[0]     ; ovS[4]      ; 6.724 ; 6.724 ; 6.724 ; 6.724 ;
; ivB[0]     ; ovS[5]      ; 6.727 ; 6.727 ; 6.727 ; 6.727 ;
; ivB[0]     ; ovS[6]      ; 8.163 ; 8.163 ; 8.163 ; 8.163 ;
; ivB[0]     ; ovS[7]      ; 8.272 ; 8.272 ; 8.272 ; 8.272 ;
; ivB[0]     ; ovS[8]      ; 8.100 ; 8.100 ; 8.100 ; 8.100 ;
; ivB[1]     ; Cout        ; 9.154 ;       ;       ; 9.154 ;
; ivB[1]     ; ovS[1]      ; 6.065 ; 6.065 ; 6.065 ; 6.065 ;
; ivB[1]     ; ovS[2]      ; 5.979 ; 5.979 ; 5.979 ; 5.979 ;
; ivB[1]     ; ovS[3]      ; 6.315 ; 6.315 ; 6.315 ; 6.315 ;
; ivB[1]     ; ovS[4]      ; 6.675 ; 6.675 ; 6.675 ; 6.675 ;
; ivB[1]     ; ovS[5]      ; 6.678 ; 6.678 ; 6.678 ; 6.678 ;
; ivB[1]     ; ovS[6]      ; 8.114 ; 8.114 ; 8.114 ; 8.114 ;
; ivB[1]     ; ovS[7]      ; 8.223 ; 8.223 ; 8.223 ; 8.223 ;
; ivB[1]     ; ovS[8]      ; 8.051 ; 8.051 ; 8.051 ; 8.051 ;
; ivB[2]     ; Cout        ; 9.039 ;       ;       ; 9.039 ;
; ivB[2]     ; ovS[2]      ; 5.858 ; 5.858 ; 5.858 ; 5.858 ;
; ivB[2]     ; ovS[3]      ; 6.200 ; 6.200 ; 6.200 ; 6.200 ;
; ivB[2]     ; ovS[4]      ; 6.560 ; 6.560 ; 6.560 ; 6.560 ;
; ivB[2]     ; ovS[5]      ; 6.563 ; 6.563 ; 6.563 ; 6.563 ;
; ivB[2]     ; ovS[6]      ; 7.999 ; 7.999 ; 7.999 ; 7.999 ;
; ivB[2]     ; ovS[7]      ; 8.108 ; 8.108 ; 8.108 ; 8.108 ;
; ivB[2]     ; ovS[8]      ; 7.936 ; 7.936 ; 7.936 ; 7.936 ;
; ivB[3]     ; Cout        ; 9.193 ;       ;       ; 9.193 ;
; ivB[3]     ; ovS[3]      ; 6.349 ; 6.349 ; 6.349 ; 6.349 ;
; ivB[3]     ; ovS[4]      ; 6.714 ; 6.714 ; 6.714 ; 6.714 ;
; ivB[3]     ; ovS[5]      ; 6.717 ; 6.717 ; 6.717 ; 6.717 ;
; ivB[3]     ; ovS[6]      ; 8.153 ; 8.153 ; 8.153 ; 8.153 ;
; ivB[3]     ; ovS[7]      ; 8.262 ; 8.262 ; 8.262 ; 8.262 ;
; ivB[3]     ; ovS[8]      ; 8.090 ; 8.090 ; 8.090 ; 8.090 ;
; ivB[4]     ; Cout        ; 8.217 ;       ;       ; 8.217 ;
; ivB[4]     ; ovS[4]      ; 5.735 ; 5.735 ; 5.735 ; 5.735 ;
; ivB[4]     ; ovS[5]      ; 5.739 ; 5.739 ; 5.739 ; 5.739 ;
; ivB[4]     ; ovS[6]      ; 7.177 ; 7.177 ; 7.177 ; 7.177 ;
; ivB[4]     ; ovS[7]      ; 7.286 ; 7.286 ; 7.286 ; 7.286 ;
; ivB[4]     ; ovS[8]      ; 7.114 ; 7.114 ; 7.114 ; 7.114 ;
; ivB[5]     ; Cout        ; 8.077 ;       ;       ; 8.077 ;
; ivB[5]     ; ovS[5]      ; 5.743 ; 5.743 ; 5.743 ; 5.743 ;
; ivB[5]     ; ovS[6]      ; 7.037 ; 7.037 ; 7.037 ; 7.037 ;
; ivB[5]     ; ovS[7]      ; 7.146 ; 7.146 ; 7.146 ; 7.146 ;
; ivB[5]     ; ovS[8]      ; 6.974 ; 6.974 ; 6.974 ; 6.974 ;
; ivB[6]     ; Cout        ; 6.798 ;       ;       ; 6.798 ;
; ivB[6]     ; ovS[6]      ; 5.764 ; 5.764 ; 5.764 ; 5.764 ;
; ivB[6]     ; ovS[7]      ; 5.871 ; 5.871 ; 5.871 ; 5.871 ;
; ivB[6]     ; ovS[8]      ; 5.695 ; 5.695 ; 5.695 ; 5.695 ;
; ivB[7]     ; Cout        ; 7.039 ;       ;       ; 7.039 ;
; ivB[7]     ; ovS[7]      ; 6.109 ; 6.109 ; 6.109 ; 6.109 ;
; ivB[7]     ; ovS[8]      ; 5.936 ; 5.936 ; 5.936 ; 5.936 ;
; ivB[8]     ; Cout        ; 4.356 ;       ;       ; 4.356 ;
; ivB[8]     ; ovS[8]      ; 3.254 ; 3.254 ; 3.254 ; 3.254 ;
+------------+-------------+-------+-------+-------+-------+


+----------------------------------------------------------+
; Minimum Propagation Delay                                ;
+------------+-------------+-------+-------+-------+-------+
; Input Port ; Output Port ; RR    ; RF    ; FR    ; FF    ;
+------------+-------------+-------+-------+-------+-------+
; ivA[0]     ; Cout        ; 8.945 ;       ;       ; 8.945 ;
; ivA[0]     ; ovS[0]      ; 5.549 ; 5.549 ; 5.549 ; 5.549 ;
; ivA[0]     ; ovS[1]      ; 5.854 ; 5.854 ; 5.854 ; 5.854 ;
; ivA[0]     ; ovS[2]      ; 5.770 ; 5.770 ; 5.770 ; 5.770 ;
; ivA[0]     ; ovS[3]      ; 6.106 ; 6.106 ; 6.106 ; 6.106 ;
; ivA[0]     ; ovS[4]      ; 6.466 ; 6.466 ; 6.466 ; 6.466 ;
; ivA[0]     ; ovS[5]      ; 6.469 ; 6.469 ; 6.469 ; 6.469 ;
; ivA[0]     ; ovS[6]      ; 7.905 ; 7.905 ; 7.905 ; 7.905 ;
; ivA[0]     ; ovS[7]      ; 8.014 ; 8.014 ; 8.014 ; 8.014 ;
; ivA[0]     ; ovS[8]      ; 7.842 ; 7.842 ; 7.842 ; 7.842 ;
; ivA[1]     ; Cout        ; 9.104 ;       ;       ; 9.104 ;
; ivA[1]     ; ovS[1]      ; 6.012 ; 6.012 ; 6.012 ; 6.012 ;
; ivA[1]     ; ovS[2]      ; 5.929 ; 5.929 ; 5.929 ; 5.929 ;
; ivA[1]     ; ovS[3]      ; 6.265 ; 6.265 ; 6.265 ; 6.265 ;
; ivA[1]     ; ovS[4]      ; 6.625 ; 6.625 ; 6.625 ; 6.625 ;
; ivA[1]     ; ovS[5]      ; 6.628 ; 6.628 ; 6.628 ; 6.628 ;
; ivA[1]     ; ovS[6]      ; 8.064 ; 8.064 ; 8.064 ; 8.064 ;
; ivA[1]     ; ovS[7]      ; 8.173 ; 8.173 ; 8.173 ; 8.173 ;
; ivA[1]     ; ovS[8]      ; 8.001 ; 8.001 ; 8.001 ; 8.001 ;
; ivA[2]     ; Cout        ; 8.958 ;       ;       ; 8.958 ;
; ivA[2]     ; ovS[2]      ; 5.780 ; 5.780 ; 5.780 ; 5.780 ;
; ivA[2]     ; ovS[3]      ; 6.119 ; 6.119 ; 6.119 ; 6.119 ;
; ivA[2]     ; ovS[4]      ; 6.479 ; 6.479 ; 6.479 ; 6.479 ;
; ivA[2]     ; ovS[5]      ; 6.482 ; 6.482 ; 6.482 ; 6.482 ;
; ivA[2]     ; ovS[6]      ; 7.918 ; 7.918 ; 7.918 ; 7.918 ;
; ivA[2]     ; ovS[7]      ; 8.027 ; 8.027 ; 8.027 ; 8.027 ;
; ivA[2]     ; ovS[8]      ; 7.855 ; 7.855 ; 7.855 ; 7.855 ;
; ivA[3]     ; Cout        ; 8.962 ;       ;       ; 8.962 ;
; ivA[3]     ; ovS[3]      ; 6.116 ; 6.116 ; 6.116 ; 6.116 ;
; ivA[3]     ; ovS[4]      ; 6.483 ; 6.483 ; 6.483 ; 6.483 ;
; ivA[3]     ; ovS[5]      ; 6.486 ; 6.486 ; 6.486 ; 6.486 ;
; ivA[3]     ; ovS[6]      ; 7.922 ; 7.922 ; 7.922 ; 7.922 ;
; ivA[3]     ; ovS[7]      ; 8.031 ; 8.031 ; 8.031 ; 8.031 ;
; ivA[3]     ; ovS[8]      ; 7.859 ; 7.859 ; 7.859 ; 7.859 ;
; ivA[4]     ; Cout        ; 8.356 ;       ;       ; 8.356 ;
; ivA[4]     ; ovS[4]      ; 5.879 ; 5.879 ; 5.879 ; 5.879 ;
; ivA[4]     ; ovS[5]      ; 5.882 ; 5.882 ; 5.882 ; 5.882 ;
; ivA[4]     ; ovS[6]      ; 7.316 ; 7.316 ; 7.316 ; 7.316 ;
; ivA[4]     ; ovS[7]      ; 7.425 ; 7.425 ; 7.425 ; 7.425 ;
; ivA[4]     ; ovS[8]      ; 7.253 ; 7.253 ; 7.253 ; 7.253 ;
; ivA[5]     ; Cout        ; 7.974 ;       ;       ; 7.974 ;
; ivA[5]     ; ovS[5]      ; 5.568 ; 5.568 ; 5.568 ; 5.568 ;
; ivA[5]     ; ovS[6]      ; 6.934 ; 6.934 ; 6.934 ; 6.934 ;
; ivA[5]     ; ovS[7]      ; 7.043 ; 7.043 ; 7.043 ; 7.043 ;
; ivA[5]     ; ovS[8]      ; 6.871 ; 6.871 ; 6.871 ; 6.871 ;
; ivA[6]     ; Cout        ; 6.498 ;       ;       ; 6.498 ;
; ivA[6]     ; ovS[6]      ; 5.467 ; 5.467 ; 5.467 ; 5.467 ;
; ivA[6]     ; ovS[7]      ; 5.574 ; 5.574 ; 5.574 ; 5.574 ;
; ivA[6]     ; ovS[8]      ; 5.395 ; 5.395 ; 5.395 ; 5.395 ;
; ivA[7]     ; Cout        ; 6.649 ;       ;       ; 6.649 ;
; ivA[7]     ; ovS[7]      ; 5.872 ; 5.872 ; 5.872 ; 5.872 ;
; ivA[7]     ; ovS[8]      ; 5.546 ; 5.546 ; 5.546 ; 5.546 ;
; ivA[8]     ; Cout        ; 4.377 ;       ;       ; 4.377 ;
; ivA[8]     ; ovS[8]      ; 3.275 ; 3.275 ; 3.275 ; 3.275 ;
; ivB[0]     ; Cout        ; 9.203 ;       ;       ; 9.203 ;
; ivB[0]     ; ovS[0]      ; 5.733 ; 5.733 ; 5.733 ; 5.733 ;
; ivB[0]     ; ovS[1]      ; 6.118 ; 6.118 ; 6.118 ; 6.118 ;
; ivB[0]     ; ovS[2]      ; 6.028 ; 6.028 ; 6.028 ; 6.028 ;
; ivB[0]     ; ovS[3]      ; 6.364 ; 6.364 ; 6.364 ; 6.364 ;
; ivB[0]     ; ovS[4]      ; 6.724 ; 6.724 ; 6.724 ; 6.724 ;
; ivB[0]     ; ovS[5]      ; 6.727 ; 6.727 ; 6.727 ; 6.727 ;
; ivB[0]     ; ovS[6]      ; 8.163 ; 8.163 ; 8.163 ; 8.163 ;
; ivB[0]     ; ovS[7]      ; 8.272 ; 8.272 ; 8.272 ; 8.272 ;
; ivB[0]     ; ovS[8]      ; 8.100 ; 8.100 ; 8.100 ; 8.100 ;
; ivB[1]     ; Cout        ; 9.154 ;       ;       ; 9.154 ;
; ivB[1]     ; ovS[1]      ; 6.065 ; 6.065 ; 6.065 ; 6.065 ;
; ivB[1]     ; ovS[2]      ; 5.979 ; 5.979 ; 5.979 ; 5.979 ;
; ivB[1]     ; ovS[3]      ; 6.315 ; 6.315 ; 6.315 ; 6.315 ;
; ivB[1]     ; ovS[4]      ; 6.675 ; 6.675 ; 6.675 ; 6.675 ;
; ivB[1]     ; ovS[5]      ; 6.678 ; 6.678 ; 6.678 ; 6.678 ;
; ivB[1]     ; ovS[6]      ; 8.114 ; 8.114 ; 8.114 ; 8.114 ;
; ivB[1]     ; ovS[7]      ; 8.223 ; 8.223 ; 8.223 ; 8.223 ;
; ivB[1]     ; ovS[8]      ; 8.051 ; 8.051 ; 8.051 ; 8.051 ;
; ivB[2]     ; Cout        ; 9.039 ;       ;       ; 9.039 ;
; ivB[2]     ; ovS[2]      ; 5.858 ; 5.858 ; 5.858 ; 5.858 ;
; ivB[2]     ; ovS[3]      ; 6.200 ; 6.200 ; 6.200 ; 6.200 ;
; ivB[2]     ; ovS[4]      ; 6.560 ; 6.560 ; 6.560 ; 6.560 ;
; ivB[2]     ; ovS[5]      ; 6.563 ; 6.563 ; 6.563 ; 6.563 ;
; ivB[2]     ; ovS[6]      ; 7.999 ; 7.999 ; 7.999 ; 7.999 ;
; ivB[2]     ; ovS[7]      ; 8.108 ; 8.108 ; 8.108 ; 8.108 ;
; ivB[2]     ; ovS[8]      ; 7.936 ; 7.936 ; 7.936 ; 7.936 ;
; ivB[3]     ; Cout        ; 9.193 ;       ;       ; 9.193 ;
; ivB[3]     ; ovS[3]      ; 6.349 ; 6.349 ; 6.349 ; 6.349 ;
; ivB[3]     ; ovS[4]      ; 6.714 ; 6.714 ; 6.714 ; 6.714 ;
; ivB[3]     ; ovS[5]      ; 6.717 ; 6.717 ; 6.717 ; 6.717 ;
; ivB[3]     ; ovS[6]      ; 8.153 ; 8.153 ; 8.153 ; 8.153 ;
; ivB[3]     ; ovS[7]      ; 8.262 ; 8.262 ; 8.262 ; 8.262 ;
; ivB[3]     ; ovS[8]      ; 8.090 ; 8.090 ; 8.090 ; 8.090 ;
; ivB[4]     ; Cout        ; 8.217 ;       ;       ; 8.217 ;
; ivB[4]     ; ovS[4]      ; 5.735 ; 5.735 ; 5.735 ; 5.735 ;
; ivB[4]     ; ovS[5]      ; 5.739 ; 5.739 ; 5.739 ; 5.739 ;
; ivB[4]     ; ovS[6]      ; 7.177 ; 7.177 ; 7.177 ; 7.177 ;
; ivB[4]     ; ovS[7]      ; 7.286 ; 7.286 ; 7.286 ; 7.286 ;
; ivB[4]     ; ovS[8]      ; 7.114 ; 7.114 ; 7.114 ; 7.114 ;
; ivB[5]     ; Cout        ; 8.077 ;       ;       ; 8.077 ;
; ivB[5]     ; ovS[5]      ; 5.743 ; 5.743 ; 5.743 ; 5.743 ;
; ivB[5]     ; ovS[6]      ; 7.037 ; 7.037 ; 7.037 ; 7.037 ;
; ivB[5]     ; ovS[7]      ; 7.146 ; 7.146 ; 7.146 ; 7.146 ;
; ivB[5]     ; ovS[8]      ; 6.974 ; 6.974 ; 6.974 ; 6.974 ;
; ivB[6]     ; Cout        ; 6.798 ;       ;       ; 6.798 ;
; ivB[6]     ; ovS[6]      ; 5.764 ; 5.764 ; 5.764 ; 5.764 ;
; ivB[6]     ; ovS[7]      ; 5.871 ; 5.871 ; 5.871 ; 5.871 ;
; ivB[6]     ; ovS[8]      ; 5.695 ; 5.695 ; 5.695 ; 5.695 ;
; ivB[7]     ; Cout        ; 6.903 ;       ;       ; 6.903 ;
; ivB[7]     ; ovS[7]      ; 6.109 ; 6.109 ; 6.109 ; 6.109 ;
; ivB[7]     ; ovS[8]      ; 5.800 ; 5.800 ; 5.800 ; 5.800 ;
; ivB[8]     ; Cout        ; 4.356 ;       ;       ; 4.356 ;
; ivB[8]     ; ovS[8]      ; 3.254 ; 3.254 ; 3.254 ; 3.254 ;
+------------+-------------+-------+-------+-------+-------+


+----------------------------------------------------------------------------+
; Multicorner Timing Analysis Summary                                        ;
+------------------+-------+------+----------+---------+---------------------+
; Clock            ; Setup ; Hold ; Recovery ; Removal ; Minimum Pulse Width ;
+------------------+-------+------+----------+---------+---------------------+
; Worst-case Slack ; N/A   ; N/A  ; N/A      ; N/A     ; N/A                 ;
; Design-wide TNS  ; 0.0   ; 0.0  ; 0.0      ; 0.0     ; 0.0                 ;
+------------------+-------+------+----------+---------+---------------------+


+--------------------------------------------------------------+
; Progagation Delay                                            ;
+------------+-------------+--------+--------+--------+--------+
; Input Port ; Output Port ; RR     ; RF     ; FR     ; FF     ;
+------------+-------------+--------+--------+--------+--------+
; ivA[0]     ; Cout        ; 19.908 ;        ;        ; 19.908 ;
; ivA[0]     ; ovS[0]      ; 11.053 ; 11.053 ; 11.053 ; 11.053 ;
; ivA[0]     ; ovS[1]      ; 11.784 ; 11.784 ; 11.784 ; 11.784 ;
; ivA[0]     ; ovS[2]      ; 11.688 ; 11.688 ; 11.688 ; 11.688 ;
; ivA[0]     ; ovS[3]      ; 12.637 ; 12.637 ; 12.637 ; 12.637 ;
; ivA[0]     ; ovS[4]      ; 13.411 ; 13.411 ; 13.411 ; 13.411 ;
; ivA[0]     ; ovS[5]      ; 13.749 ; 13.749 ; 13.749 ; 13.749 ;
; ivA[0]     ; ovS[6]      ; 17.377 ; 17.377 ; 17.377 ; 17.377 ;
; ivA[0]     ; ovS[7]      ; 17.604 ; 17.604 ; 17.604 ; 17.604 ;
; ivA[0]     ; ovS[8]      ; 17.273 ; 17.273 ; 17.273 ; 17.273 ;
; ivA[1]     ; Cout        ; 20.304 ;        ;        ; 20.304 ;
; ivA[1]     ; ovS[1]      ; 12.179 ; 12.179 ; 12.179 ; 12.179 ;
; ivA[1]     ; ovS[2]      ; 12.084 ; 12.084 ; 12.084 ; 12.084 ;
; ivA[1]     ; ovS[3]      ; 13.033 ; 13.033 ; 13.033 ; 13.033 ;
; ivA[1]     ; ovS[4]      ; 13.807 ; 13.807 ; 13.807 ; 13.807 ;
; ivA[1]     ; ovS[5]      ; 14.145 ; 14.145 ; 14.145 ; 14.145 ;
; ivA[1]     ; ovS[6]      ; 17.773 ; 17.773 ; 17.773 ; 17.773 ;
; ivA[1]     ; ovS[7]      ; 18.000 ; 18.000 ; 18.000 ; 18.000 ;
; ivA[1]     ; ovS[8]      ; 17.669 ; 17.669 ; 17.669 ; 17.669 ;
; ivA[2]     ; Cout        ; 19.859 ;        ;        ; 19.859 ;
; ivA[2]     ; ovS[2]      ; 11.632 ; 11.632 ; 11.632 ; 11.632 ;
; ivA[2]     ; ovS[3]      ; 12.588 ; 12.588 ; 12.588 ; 12.588 ;
; ivA[2]     ; ovS[4]      ; 13.362 ; 13.362 ; 13.362 ; 13.362 ;
; ivA[2]     ; ovS[5]      ; 13.700 ; 13.700 ; 13.700 ; 13.700 ;
; ivA[2]     ; ovS[6]      ; 17.328 ; 17.328 ; 17.328 ; 17.328 ;
; ivA[2]     ; ovS[7]      ; 17.555 ; 17.555 ; 17.555 ; 17.555 ;
; ivA[2]     ; ovS[8]      ; 17.224 ; 17.224 ; 17.224 ; 17.224 ;
; ivA[3]     ; Cout        ; 19.715 ;        ;        ; 19.715 ;
; ivA[3]     ; ovS[3]      ; 12.436 ; 12.436 ; 12.436 ; 12.436 ;
; ivA[3]     ; ovS[4]      ; 13.218 ; 13.218 ; 13.218 ; 13.218 ;
; ivA[3]     ; ovS[5]      ; 13.556 ; 13.556 ; 13.556 ; 13.556 ;
; ivA[3]     ; ovS[6]      ; 17.184 ; 17.184 ; 17.184 ; 17.184 ;
; ivA[3]     ; ovS[7]      ; 17.411 ; 17.411 ; 17.411 ; 17.411 ;
; ivA[3]     ; ovS[8]      ; 17.080 ; 17.080 ; 17.080 ; 17.080 ;
; ivA[4]     ; Cout        ; 18.184 ;        ;        ; 18.184 ;
; ivA[4]     ; ovS[4]      ; 11.692 ; 11.692 ; 11.692 ; 11.692 ;
; ivA[4]     ; ovS[5]      ; 12.027 ; 12.027 ; 12.027 ; 12.027 ;
; ivA[4]     ; ovS[6]      ; 15.653 ; 15.653 ; 15.653 ; 15.653 ;
; ivA[4]     ; ovS[7]      ; 15.880 ; 15.880 ; 15.880 ; 15.880 ;
; ivA[4]     ; ovS[8]      ; 15.549 ; 15.549 ; 15.549 ; 15.549 ;
; ivA[5]     ; Cout        ; 17.084 ;        ;        ; 17.084 ;
; ivA[5]     ; ovS[5]      ; 11.146 ; 11.146 ; 11.146 ; 11.146 ;
; ivA[5]     ; ovS[6]      ; 14.553 ; 14.553 ; 14.553 ; 14.553 ;
; ivA[5]     ; ovS[7]      ; 14.780 ; 14.780 ; 14.780 ; 14.780 ;
; ivA[5]     ; ovS[8]      ; 14.449 ; 14.449 ; 14.449 ; 14.449 ;
; ivA[6]     ; Cout        ; 13.417 ;        ;        ; 13.417 ;
; ivA[6]     ; ovS[6]      ; 10.893 ; 10.893 ; 10.893 ; 10.893 ;
; ivA[6]     ; ovS[7]      ; 11.122 ; 11.122 ; 11.122 ; 11.122 ;
; ivA[6]     ; ovS[8]      ; 10.782 ; 10.782 ; 10.782 ; 10.782 ;
; ivA[7]     ; Cout        ; 14.212 ;        ;        ; 14.212 ;
; ivA[7]     ; ovS[7]      ; 11.911 ; 11.911 ; 11.911 ; 11.911 ;
; ivA[7]     ; ovS[8]      ; 11.577 ; 11.577 ; 11.577 ; 11.577 ;
; ivA[8]     ; Cout        ; 9.646  ;        ;        ; 9.646  ;
; ivA[8]     ; ovS[8]      ; 7.015  ; 7.015  ; 7.015  ; 7.015  ;
; ivB[0]     ; Cout        ; 20.577 ;        ;        ; 20.577 ;
; ivB[0]     ; ovS[0]      ; 11.489 ; 11.489 ; 11.489 ; 11.489 ;
; ivB[0]     ; ovS[1]      ; 12.459 ; 12.459 ; 12.459 ; 12.459 ;
; ivB[0]     ; ovS[2]      ; 12.357 ; 12.357 ; 12.357 ; 12.357 ;
; ivB[0]     ; ovS[3]      ; 13.306 ; 13.306 ; 13.306 ; 13.306 ;
; ivB[0]     ; ovS[4]      ; 14.080 ; 14.080 ; 14.080 ; 14.080 ;
; ivB[0]     ; ovS[5]      ; 14.418 ; 14.418 ; 14.418 ; 14.418 ;
; ivB[0]     ; ovS[6]      ; 18.046 ; 18.046 ; 18.046 ; 18.046 ;
; ivB[0]     ; ovS[7]      ; 18.273 ; 18.273 ; 18.273 ; 18.273 ;
; ivB[0]     ; ovS[8]      ; 17.942 ; 17.942 ; 17.942 ; 17.942 ;
; ivB[1]     ; Cout        ; 20.479 ;        ;        ; 20.479 ;
; ivB[1]     ; ovS[1]      ; 12.359 ; 12.359 ; 12.359 ; 12.359 ;
; ivB[1]     ; ovS[2]      ; 12.259 ; 12.259 ; 12.259 ; 12.259 ;
; ivB[1]     ; ovS[3]      ; 13.208 ; 13.208 ; 13.208 ; 13.208 ;
; ivB[1]     ; ovS[4]      ; 13.982 ; 13.982 ; 13.982 ; 13.982 ;
; ivB[1]     ; ovS[5]      ; 14.320 ; 14.320 ; 14.320 ; 14.320 ;
; ivB[1]     ; ovS[6]      ; 17.948 ; 17.948 ; 17.948 ; 17.948 ;
; ivB[1]     ; ovS[7]      ; 18.175 ; 18.175 ; 18.175 ; 18.175 ;
; ivB[1]     ; ovS[8]      ; 17.844 ; 17.844 ; 17.844 ; 17.844 ;
; ivB[2]     ; Cout        ; 19.916 ;        ;        ; 19.916 ;
; ivB[2]     ; ovS[2]      ; 11.685 ; 11.685 ; 11.685 ; 11.685 ;
; ivB[2]     ; ovS[3]      ; 12.645 ; 12.645 ; 12.645 ; 12.645 ;
; ivB[2]     ; ovS[4]      ; 13.419 ; 13.419 ; 13.419 ; 13.419 ;
; ivB[2]     ; ovS[5]      ; 13.757 ; 13.757 ; 13.757 ; 13.757 ;
; ivB[2]     ; ovS[6]      ; 17.385 ; 17.385 ; 17.385 ; 17.385 ;
; ivB[2]     ; ovS[7]      ; 17.612 ; 17.612 ; 17.612 ; 17.612 ;
; ivB[2]     ; ovS[8]      ; 17.281 ; 17.281 ; 17.281 ; 17.281 ;
; ivB[3]     ; Cout        ; 20.264 ;        ;        ; 20.264 ;
; ivB[3]     ; ovS[3]      ; 12.991 ; 12.991 ; 12.991 ; 12.991 ;
; ivB[3]     ; ovS[4]      ; 13.767 ; 13.767 ; 13.767 ; 13.767 ;
; ivB[3]     ; ovS[5]      ; 14.105 ; 14.105 ; 14.105 ; 14.105 ;
; ivB[3]     ; ovS[6]      ; 17.733 ; 17.733 ; 17.733 ; 17.733 ;
; ivB[3]     ; ovS[7]      ; 17.960 ; 17.960 ; 17.960 ; 17.960 ;
; ivB[3]     ; ovS[8]      ; 17.629 ; 17.629 ; 17.629 ; 17.629 ;
; ivB[4]     ; Cout        ; 17.852 ;        ;        ; 17.852 ;
; ivB[4]     ; ovS[4]      ; 11.353 ; 11.353 ; 11.353 ; 11.353 ;
; ivB[4]     ; ovS[5]      ; 11.691 ; 11.691 ; 11.691 ; 11.691 ;
; ivB[4]     ; ovS[6]      ; 15.321 ; 15.321 ; 15.321 ; 15.321 ;
; ivB[4]     ; ovS[7]      ; 15.548 ; 15.548 ; 15.548 ; 15.548 ;
; ivB[4]     ; ovS[8]      ; 15.217 ; 15.217 ; 15.217 ; 15.217 ;
; ivB[5]     ; Cout        ; 17.295 ;        ;        ; 17.295 ;
; ivB[5]     ; ovS[5]      ; 11.559 ; 11.559 ; 11.559 ; 11.559 ;
; ivB[5]     ; ovS[6]      ; 14.764 ; 14.764 ; 14.764 ; 14.764 ;
; ivB[5]     ; ovS[7]      ; 14.991 ; 14.991 ; 14.991 ; 14.991 ;
; ivB[5]     ; ovS[8]      ; 14.660 ; 14.660 ; 14.660 ; 14.660 ;
; ivB[6]     ; Cout        ; 13.964 ;        ;        ; 13.964 ;
; ivB[6]     ; ovS[6]      ; 11.438 ; 11.438 ; 11.438 ; 11.438 ;
; ivB[6]     ; ovS[7]      ; 11.665 ; 11.665 ; 11.665 ; 11.665 ;
; ivB[6]     ; ovS[8]      ; 11.329 ; 11.329 ; 11.329 ; 11.329 ;
; ivB[7]     ; Cout        ; 14.811 ;        ;        ; 14.811 ;
; ivB[7]     ; ovS[7]      ; 12.559 ; 12.559 ; 12.559 ; 12.559 ;
; ivB[7]     ; ovS[8]      ; 12.176 ; 12.176 ; 12.176 ; 12.176 ;
; ivB[8]     ; Cout        ; 9.596  ;        ;        ; 9.596  ;
; ivB[8]     ; ovS[8]      ; 6.961  ; 6.961  ; 6.961  ; 6.961  ;
+------------+-------------+--------+--------+--------+--------+


+----------------------------------------------------------+
; Minimum Progagation Delay                                ;
+------------+-------------+-------+-------+-------+-------+
; Input Port ; Output Port ; RR    ; RF    ; FR    ; FF    ;
+------------+-------------+-------+-------+-------+-------+
; ivA[0]     ; Cout        ; 8.945 ;       ;       ; 8.945 ;
; ivA[0]     ; ovS[0]      ; 5.549 ; 5.549 ; 5.549 ; 5.549 ;
; ivA[0]     ; ovS[1]      ; 5.854 ; 5.854 ; 5.854 ; 5.854 ;
; ivA[0]     ; ovS[2]      ; 5.770 ; 5.770 ; 5.770 ; 5.770 ;
; ivA[0]     ; ovS[3]      ; 6.106 ; 6.106 ; 6.106 ; 6.106 ;
; ivA[0]     ; ovS[4]      ; 6.466 ; 6.466 ; 6.466 ; 6.466 ;
; ivA[0]     ; ovS[5]      ; 6.469 ; 6.469 ; 6.469 ; 6.469 ;
; ivA[0]     ; ovS[6]      ; 7.905 ; 7.905 ; 7.905 ; 7.905 ;
; ivA[0]     ; ovS[7]      ; 8.014 ; 8.014 ; 8.014 ; 8.014 ;
; ivA[0]     ; ovS[8]      ; 7.842 ; 7.842 ; 7.842 ; 7.842 ;
; ivA[1]     ; Cout        ; 9.104 ;       ;       ; 9.104 ;
; ivA[1]     ; ovS[1]      ; 6.012 ; 6.012 ; 6.012 ; 6.012 ;
; ivA[1]     ; ovS[2]      ; 5.929 ; 5.929 ; 5.929 ; 5.929 ;
; ivA[1]     ; ovS[3]      ; 6.265 ; 6.265 ; 6.265 ; 6.265 ;
; ivA[1]     ; ovS[4]      ; 6.625 ; 6.625 ; 6.625 ; 6.625 ;
; ivA[1]     ; ovS[5]      ; 6.628 ; 6.628 ; 6.628 ; 6.628 ;
; ivA[1]     ; ovS[6]      ; 8.064 ; 8.064 ; 8.064 ; 8.064 ;
; ivA[1]     ; ovS[7]      ; 8.173 ; 8.173 ; 8.173 ; 8.173 ;
; ivA[1]     ; ovS[8]      ; 8.001 ; 8.001 ; 8.001 ; 8.001 ;
; ivA[2]     ; Cout        ; 8.958 ;       ;       ; 8.958 ;
; ivA[2]     ; ovS[2]      ; 5.780 ; 5.780 ; 5.780 ; 5.780 ;
; ivA[2]     ; ovS[3]      ; 6.119 ; 6.119 ; 6.119 ; 6.119 ;
; ivA[2]     ; ovS[4]      ; 6.479 ; 6.479 ; 6.479 ; 6.479 ;
; ivA[2]     ; ovS[5]      ; 6.482 ; 6.482 ; 6.482 ; 6.482 ;
; ivA[2]     ; ovS[6]      ; 7.918 ; 7.918 ; 7.918 ; 7.918 ;
; ivA[2]     ; ovS[7]      ; 8.027 ; 8.027 ; 8.027 ; 8.027 ;
; ivA[2]     ; ovS[8]      ; 7.855 ; 7.855 ; 7.855 ; 7.855 ;
; ivA[3]     ; Cout        ; 8.962 ;       ;       ; 8.962 ;
; ivA[3]     ; ovS[3]      ; 6.116 ; 6.116 ; 6.116 ; 6.116 ;
; ivA[3]     ; ovS[4]      ; 6.483 ; 6.483 ; 6.483 ; 6.483 ;
; ivA[3]     ; ovS[5]      ; 6.486 ; 6.486 ; 6.486 ; 6.486 ;
; ivA[3]     ; ovS[6]      ; 7.922 ; 7.922 ; 7.922 ; 7.922 ;
; ivA[3]     ; ovS[7]      ; 8.031 ; 8.031 ; 8.031 ; 8.031 ;
; ivA[3]     ; ovS[8]      ; 7.859 ; 7.859 ; 7.859 ; 7.859 ;
; ivA[4]     ; Cout        ; 8.356 ;       ;       ; 8.356 ;
; ivA[4]     ; ovS[4]      ; 5.879 ; 5.879 ; 5.879 ; 5.879 ;
; ivA[4]     ; ovS[5]      ; 5.882 ; 5.882 ; 5.882 ; 5.882 ;
; ivA[4]     ; ovS[6]      ; 7.316 ; 7.316 ; 7.316 ; 7.316 ;
; ivA[4]     ; ovS[7]      ; 7.425 ; 7.425 ; 7.425 ; 7.425 ;
; ivA[4]     ; ovS[8]      ; 7.253 ; 7.253 ; 7.253 ; 7.253 ;
; ivA[5]     ; Cout        ; 7.974 ;       ;       ; 7.974 ;
; ivA[5]     ; ovS[5]      ; 5.568 ; 5.568 ; 5.568 ; 5.568 ;
; ivA[5]     ; ovS[6]      ; 6.934 ; 6.934 ; 6.934 ; 6.934 ;
; ivA[5]     ; ovS[7]      ; 7.043 ; 7.043 ; 7.043 ; 7.043 ;
; ivA[5]     ; ovS[8]      ; 6.871 ; 6.871 ; 6.871 ; 6.871 ;
; ivA[6]     ; Cout        ; 6.498 ;       ;       ; 6.498 ;
; ivA[6]     ; ovS[6]      ; 5.467 ; 5.467 ; 5.467 ; 5.467 ;
; ivA[6]     ; ovS[7]      ; 5.574 ; 5.574 ; 5.574 ; 5.574 ;
; ivA[6]     ; ovS[8]      ; 5.395 ; 5.395 ; 5.395 ; 5.395 ;
; ivA[7]     ; Cout        ; 6.649 ;       ;       ; 6.649 ;
; ivA[7]     ; ovS[7]      ; 5.872 ; 5.872 ; 5.872 ; 5.872 ;
; ivA[7]     ; ovS[8]      ; 5.546 ; 5.546 ; 5.546 ; 5.546 ;
; ivA[8]     ; Cout        ; 4.377 ;       ;       ; 4.377 ;
; ivA[8]     ; ovS[8]      ; 3.275 ; 3.275 ; 3.275 ; 3.275 ;
; ivB[0]     ; Cout        ; 9.203 ;       ;       ; 9.203 ;
; ivB[0]     ; ovS[0]      ; 5.733 ; 5.733 ; 5.733 ; 5.733 ;
; ivB[0]     ; ovS[1]      ; 6.118 ; 6.118 ; 6.118 ; 6.118 ;
; ivB[0]     ; ovS[2]      ; 6.028 ; 6.028 ; 6.028 ; 6.028 ;
; ivB[0]     ; ovS[3]      ; 6.364 ; 6.364 ; 6.364 ; 6.364 ;
; ivB[0]     ; ovS[4]      ; 6.724 ; 6.724 ; 6.724 ; 6.724 ;
; ivB[0]     ; ovS[5]      ; 6.727 ; 6.727 ; 6.727 ; 6.727 ;
; ivB[0]     ; ovS[6]      ; 8.163 ; 8.163 ; 8.163 ; 8.163 ;
; ivB[0]     ; ovS[7]      ; 8.272 ; 8.272 ; 8.272 ; 8.272 ;
; ivB[0]     ; ovS[8]      ; 8.100 ; 8.100 ; 8.100 ; 8.100 ;
; ivB[1]     ; Cout        ; 9.154 ;       ;       ; 9.154 ;
; ivB[1]     ; ovS[1]      ; 6.065 ; 6.065 ; 6.065 ; 6.065 ;
; ivB[1]     ; ovS[2]      ; 5.979 ; 5.979 ; 5.979 ; 5.979 ;
; ivB[1]     ; ovS[3]      ; 6.315 ; 6.315 ; 6.315 ; 6.315 ;
; ivB[1]     ; ovS[4]      ; 6.675 ; 6.675 ; 6.675 ; 6.675 ;
; ivB[1]     ; ovS[5]      ; 6.678 ; 6.678 ; 6.678 ; 6.678 ;
; ivB[1]     ; ovS[6]      ; 8.114 ; 8.114 ; 8.114 ; 8.114 ;
; ivB[1]     ; ovS[7]      ; 8.223 ; 8.223 ; 8.223 ; 8.223 ;
; ivB[1]     ; ovS[8]      ; 8.051 ; 8.051 ; 8.051 ; 8.051 ;
; ivB[2]     ; Cout        ; 9.039 ;       ;       ; 9.039 ;
; ivB[2]     ; ovS[2]      ; 5.858 ; 5.858 ; 5.858 ; 5.858 ;
; ivB[2]     ; ovS[3]      ; 6.200 ; 6.200 ; 6.200 ; 6.200 ;
; ivB[2]     ; ovS[4]      ; 6.560 ; 6.560 ; 6.560 ; 6.560 ;
; ivB[2]     ; ovS[5]      ; 6.563 ; 6.563 ; 6.563 ; 6.563 ;
; ivB[2]     ; ovS[6]      ; 7.999 ; 7.999 ; 7.999 ; 7.999 ;
; ivB[2]     ; ovS[7]      ; 8.108 ; 8.108 ; 8.108 ; 8.108 ;
; ivB[2]     ; ovS[8]      ; 7.936 ; 7.936 ; 7.936 ; 7.936 ;
; ivB[3]     ; Cout        ; 9.193 ;       ;       ; 9.193 ;
; ivB[3]     ; ovS[3]      ; 6.349 ; 6.349 ; 6.349 ; 6.349 ;
; ivB[3]     ; ovS[4]      ; 6.714 ; 6.714 ; 6.714 ; 6.714 ;
; ivB[3]     ; ovS[5]      ; 6.717 ; 6.717 ; 6.717 ; 6.717 ;
; ivB[3]     ; ovS[6]      ; 8.153 ; 8.153 ; 8.153 ; 8.153 ;
; ivB[3]     ; ovS[7]      ; 8.262 ; 8.262 ; 8.262 ; 8.262 ;
; ivB[3]     ; ovS[8]      ; 8.090 ; 8.090 ; 8.090 ; 8.090 ;
; ivB[4]     ; Cout        ; 8.217 ;       ;       ; 8.217 ;
; ivB[4]     ; ovS[4]      ; 5.735 ; 5.735 ; 5.735 ; 5.735 ;
; ivB[4]     ; ovS[5]      ; 5.739 ; 5.739 ; 5.739 ; 5.739 ;
; ivB[4]     ; ovS[6]      ; 7.177 ; 7.177 ; 7.177 ; 7.177 ;
; ivB[4]     ; ovS[7]      ; 7.286 ; 7.286 ; 7.286 ; 7.286 ;
; ivB[4]     ; ovS[8]      ; 7.114 ; 7.114 ; 7.114 ; 7.114 ;
; ivB[5]     ; Cout        ; 8.077 ;       ;       ; 8.077 ;
; ivB[5]     ; ovS[5]      ; 5.743 ; 5.743 ; 5.743 ; 5.743 ;
; ivB[5]     ; ovS[6]      ; 7.037 ; 7.037 ; 7.037 ; 7.037 ;
; ivB[5]     ; ovS[7]      ; 7.146 ; 7.146 ; 7.146 ; 7.146 ;
; ivB[5]     ; ovS[8]      ; 6.974 ; 6.974 ; 6.974 ; 6.974 ;
; ivB[6]     ; Cout        ; 6.798 ;       ;       ; 6.798 ;
; ivB[6]     ; ovS[6]      ; 5.764 ; 5.764 ; 5.764 ; 5.764 ;
; ivB[6]     ; ovS[7]      ; 5.871 ; 5.871 ; 5.871 ; 5.871 ;
; ivB[6]     ; ovS[8]      ; 5.695 ; 5.695 ; 5.695 ; 5.695 ;
; ivB[7]     ; Cout        ; 6.903 ;       ;       ; 6.903 ;
; ivB[7]     ; ovS[7]      ; 6.109 ; 6.109 ; 6.109 ; 6.109 ;
; ivB[7]     ; ovS[8]      ; 5.800 ; 5.800 ; 5.800 ; 5.800 ;
; ivB[8]     ; Cout        ; 4.356 ;       ;       ; 4.356 ;
; ivB[8]     ; ovS[8]      ; 3.254 ; 3.254 ; 3.254 ; 3.254 ;
+------------+-------------+-------+-------+-------+-------+


-------------------
; Clock Transfers ;
-------------------
Nothing to report.


---------------
; Report TCCS ;
---------------
No dedicated SERDES Transmitter circuitry present in device or used in design


---------------
; Report RSKM ;
---------------
No dedicated SERDES Receiver circuitry present in device or used in design


+------------------------------------------------+
; Unconstrained Paths                            ;
+---------------------------------+-------+------+
; Property                        ; Setup ; Hold ;
+---------------------------------+-------+------+
; Illegal Clocks                  ; 0     ; 0    ;
; Unconstrained Clocks            ; 0     ; 0    ;
; Unconstrained Input Ports       ; 18    ; 18   ;
; Unconstrained Input Port Paths  ; 108   ; 108  ;
; Unconstrained Output Ports      ; 10    ; 10   ;
; Unconstrained Output Port Paths ; 108   ; 108  ;
+---------------------------------+-------+------+


+------------------------------------+
; TimeQuest Timing Analyzer Messages ;
+------------------------------------+
Info: *******************************************************************
Info: Running Quartus II 32-bit TimeQuest Timing Analyzer
    Info: Version 13.0.1 Build 232 06/12/2013 Service Pack 1 SJ Web Edition
    Info: Processing started: Sat Oct 14 08:41:03 2023
Info: Command: quartus_sta sumadores_x_bits -c sumadores_x_bits
Info: qsta_default_script.tcl version: #1
Warning (20028): Parallel compilation is not licensed and has been disabled
Info (21077): Low junction temperature is 0 degrees C
Info (21077): High junction temperature is 85 degrees C
Critical Warning (332012): Synopsys Design Constraints File file not found: 'sumadores_x_bits.sdc'. A Synopsys Design Constraints File is required by the TimeQuest Timing Analyzer to get proper timing constraints. Without it, the Compiler will not properly optimize the design.
Info (332142): No user constrained base clocks found in the design. Calling "derive_clocks -period 1.0"
Info (332096): The command derive_clocks did not find any clocks to derive.  No clocks were created or changed.
Warning (332068): No clocks defined in design.
Info: Found TIMEQUEST_REPORT_SCRIPT_INCLUDE_DEFAULT_ANALYSIS = ON
Info (332159): No clocks to report
Info: Analyzing Slow Model
Info (332140): No fmax paths to report
Info (332140): No Setup paths to report
Info (332140): No Hold paths to report
Info (332140): No Recovery paths to report
Info (332140): No Removal paths to report
Info (332140): No Minimum Pulse Width paths to report
Info (332001): The selected device family is not supported by the report_metastability command.
Info: Analyzing Fast Model
Info (332142): No user constrained base clocks found in the design. Calling "derive_clocks -period 1.0"
Info (332096): The command derive_clocks did not find any clocks to derive.  No clocks were created or changed.
Warning (332068): No clocks defined in design.
Info (332140): No Setup paths to report
Info (332140): No Hold paths to report
Info (332140): No Recovery paths to report
Info (332140): No Removal paths to report
Info (332140): No Minimum Pulse Width paths to report
Info (332001): The selected device family is not supported by the report_metastability command.
Info (332102): Design is not fully constrained for setup requirements
Info (332102): Design is not fully constrained for hold requirements
Info: Quartus II 32-bit TimeQuest Timing Analyzer was successful. 0 errors, 4 warnings
    Info: Peak virtual memory: 321 megabytes
    Info: Processing ended: Sat Oct 14 08:41:04 2023
    Info: Elapsed time: 00:00:01
    Info: Total CPU time (on all processors): 00:00:01


