------------------------------------------------------------
TimeQuest Timing Analyzer Summary
------------------------------------------------------------

Type  : Slow Model Setup 'divisor_2_8:div2|divisor_2_4:div2|divisor_2_2:div2|divisor_2:div2|t_flipflop:div1|tmp'
Slack : 0.307
TNS   : 0.000

Type  : Slow Model Setup 'divisor_2_16:div1|divisor_2_8:div1|divisor_2_4:div1|divisor_2_2:div1|divisor_2:div1|t_flipflop:div1|tmp'
Slack : 1.010
TNS   : 0.000

Type  : Slow Model Setup 'divisor_2_16:div1|divisor_2_8:div1|divisor_2_4:div2|divisor_2_2:div1|divisor_2:div1|t_flipflop:div1|tmp'
Slack : 1.010
TNS   : 0.000

Type  : Slow Model Setup 'divisor_2_16:div1|divisor_2_8:div1|divisor_2_4:div2|divisor_2_2:div2|divisor_2:div1|t_flipflop:div1|tmp'
Slack : 1.010
TNS   : 0.000

Type  : Slow Model Setup 'divisor_2_16:div1|divisor_2_8:div2|divisor_2_4:div1|divisor_2_2:div1|divisor_2:div1|t_flipflop:div1|tmp'
Slack : 1.010
TNS   : 0.000

Type  : Slow Model Setup 'divisor_2_16:div1|divisor_2_8:div2|divisor_2_4:div1|divisor_2_2:div2|divisor_2:div1|t_flipflop:div1|tmp'
Slack : 1.010
TNS   : 0.000

Type  : Slow Model Setup 'divisor_2_16:div1|divisor_2_8:div2|divisor_2_4:div2|divisor_2_2:div1|divisor_2:div1|t_flipflop:div1|tmp'
Slack : 1.010
TNS   : 0.000

Type  : Slow Model Setup 'divisor_2_8:div2|divisor_2_4:div1|divisor_2_2:div1|divisor_2:div2|t_flipflop:div1|tmp'
Slack : 1.010
TNS   : 0.000

Type  : Slow Model Setup 'divisor_2_16:div1|divisor_2_8:div1|divisor_2_4:div1|divisor_2_2:div2|divisor_2:div1|t_flipflop:div1|tmp'
Slack : 1.011
TNS   : 0.000

Type  : Slow Model Setup 'divisor_2_16:div1|divisor_2_8:div2|divisor_2_4:div2|divisor_2_2:div2|divisor_2:div2|t_flipflop:div1|tmp'
Slack : 1.011
TNS   : 0.000

Type  : Slow Model Setup 'divisor_2_8:div2|divisor_2_4:div1|divisor_2_2:div2|divisor_2:div2|t_flipflop:div1|tmp'
Slack : 1.011
TNS   : 0.000

Type  : Slow Model Setup 'divisor_2_8:div2|divisor_2_4:div2|divisor_2_2:div1|divisor_2:div2|t_flipflop:div1|tmp'
Slack : 1.011
TNS   : 0.000

Type  : Slow Model Setup 'divisor_2_16:div1|divisor_2_8:div2|divisor_2_4:div1|divisor_2_2:div2|divisor_2:div2|t_flipflop:div1|tmp'
Slack : 1.177
TNS   : 0.000

Type  : Slow Model Setup 'divisor_2_16:div1|divisor_2_8:div2|divisor_2_4:div2|divisor_2_2:div1|divisor_2:div2|t_flipflop:div1|tmp'
Slack : 1.177
TNS   : 0.000

Type  : Slow Model Setup 'divisor_2_8:div2|divisor_2_4:div1|divisor_2_2:div1|divisor_2:div1|t_flipflop:div1|tmp'
Slack : 1.177
TNS   : 0.000

Type  : Slow Model Setup 'divisor_2_8:div2|divisor_2_4:div2|divisor_2_2:div2|divisor_2:div1|t_flipflop:div1|tmp'
Slack : 1.177
TNS   : 0.000

Type  : Slow Model Setup 'divisor_2_16:div1|divisor_2_8:div1|divisor_2_4:div2|divisor_2_2:div1|divisor_2:div2|t_flipflop:div1|tmp'
Slack : 1.204
TNS   : 0.000

Type  : Slow Model Setup 'divisor_2_16:div1|divisor_2_8:div1|divisor_2_4:div2|divisor_2_2:div2|divisor_2:div2|t_flipflop:div1|tmp'
Slack : 1.204
TNS   : 0.000

Type  : Slow Model Setup 'divisor_2_8:div2|divisor_2_4:div1|divisor_2_2:div2|divisor_2:div1|t_flipflop:div1|tmp'
Slack : 1.512
TNS   : 0.000

Type  : Slow Model Setup 'divisor_2_8:div2|divisor_2_4:div2|divisor_2_2:div1|divisor_2:div1|t_flipflop:div1|tmp'
Slack : 1.537
TNS   : 0.000

Type  : Slow Model Setup 'divisor_2_16:div1|divisor_2_8:div1|divisor_2_4:div1|divisor_2_2:div2|divisor_2:div2|t_flipflop:div1|tmp'
Slack : 1.578
TNS   : 0.000

Type  : Slow Model Setup 'divisor_2_16:div1|divisor_2_8:div1|divisor_2_4:div1|divisor_2_2:div1|divisor_2:div2|t_flipflop:div1|tmp'
Slack : 1.591
TNS   : 0.000

Type  : Slow Model Setup 'divisor_2_16:div1|divisor_2_8:div2|divisor_2_4:div2|divisor_2_2:div2|divisor_2:div1|t_flipflop:div1|tmp'
Slack : 1.591
TNS   : 0.000

Type  : Slow Model Setup 'divisor_2_16:div1|divisor_2_8:div2|divisor_2_4:div1|divisor_2_2:div1|divisor_2:div2|t_flipflop:div1|tmp'
Slack : 1.784
TNS   : 0.000

Type  : Slow Model Setup 'Clk'
Slack : 2.451
TNS   : 0.000

Type  : Slow Model Hold 'Clk'
Slack : -2.199
TNS   : -2.199

Type  : Slow Model Hold 'divisor_2_16:div1|divisor_2_8:div2|divisor_2_4:div1|divisor_2_2:div1|divisor_2:div2|t_flipflop:div1|tmp'
Slack : -1.532
TNS   : -1.532

Type  : Slow Model Hold 'divisor_2_16:div1|divisor_2_8:div1|divisor_2_4:div1|divisor_2_2:div1|divisor_2:div2|t_flipflop:div1|tmp'
Slack : -1.339
TNS   : -1.339

Type  : Slow Model Hold 'divisor_2_16:div1|divisor_2_8:div2|divisor_2_4:div2|divisor_2_2:div2|divisor_2:div1|t_flipflop:div1|tmp'
Slack : -1.339
TNS   : -1.339

Type  : Slow Model Hold 'divisor_2_16:div1|divisor_2_8:div1|divisor_2_4:div1|divisor_2_2:div2|divisor_2:div2|t_flipflop:div1|tmp'
Slack : -1.326
TNS   : -1.326

Type  : Slow Model Hold 'divisor_2_8:div2|divisor_2_4:div2|divisor_2_2:div1|divisor_2:div1|t_flipflop:div1|tmp'
Slack : -1.285
TNS   : -1.285

Type  : Slow Model Hold 'divisor_2_8:div2|divisor_2_4:div1|divisor_2_2:div2|divisor_2:div1|t_flipflop:div1|tmp'
Slack : -1.260
TNS   : -1.260

Type  : Slow Model Hold 'divisor_2_16:div1|divisor_2_8:div1|divisor_2_4:div2|divisor_2_2:div1|divisor_2:div2|t_flipflop:div1|tmp'
Slack : -0.952
TNS   : -0.952

Type  : Slow Model Hold 'divisor_2_16:div1|divisor_2_8:div1|divisor_2_4:div2|divisor_2_2:div2|divisor_2:div2|t_flipflop:div1|tmp'
Slack : -0.952
TNS   : -0.952

Type  : Slow Model Hold 'divisor_2_16:div1|divisor_2_8:div2|divisor_2_4:div1|divisor_2_2:div2|divisor_2:div2|t_flipflop:div1|tmp'
Slack : -0.925
TNS   : -0.925

Type  : Slow Model Hold 'divisor_2_16:div1|divisor_2_8:div2|divisor_2_4:div2|divisor_2_2:div1|divisor_2:div2|t_flipflop:div1|tmp'
Slack : -0.925
TNS   : -0.925

Type  : Slow Model Hold 'divisor_2_8:div2|divisor_2_4:div1|divisor_2_2:div1|divisor_2:div1|t_flipflop:div1|tmp'
Slack : -0.925
TNS   : -0.925

Type  : Slow Model Hold 'divisor_2_8:div2|divisor_2_4:div2|divisor_2_2:div2|divisor_2:div1|t_flipflop:div1|tmp'
Slack : -0.925
TNS   : -0.925

Type  : Slow Model Hold 'divisor_2_16:div1|divisor_2_8:div1|divisor_2_4:div1|divisor_2_2:div2|divisor_2:div1|t_flipflop:div1|tmp'
Slack : -0.759
TNS   : -0.759

Type  : Slow Model Hold 'divisor_2_16:div1|divisor_2_8:div2|divisor_2_4:div2|divisor_2_2:div2|divisor_2:div2|t_flipflop:div1|tmp'
Slack : -0.759
TNS   : -0.759

Type  : Slow Model Hold 'divisor_2_8:div2|divisor_2_4:div1|divisor_2_2:div2|divisor_2:div2|t_flipflop:div1|tmp'
Slack : -0.759
TNS   : -0.759

Type  : Slow Model Hold 'divisor_2_8:div2|divisor_2_4:div2|divisor_2_2:div1|divisor_2:div2|t_flipflop:div1|tmp'
Slack : -0.759
TNS   : -0.759

Type  : Slow Model Hold 'divisor_2_16:div1|divisor_2_8:div1|divisor_2_4:div1|divisor_2_2:div1|divisor_2:div1|t_flipflop:div1|tmp'
Slack : -0.758
TNS   : -0.758

Type  : Slow Model Hold 'divisor_2_16:div1|divisor_2_8:div1|divisor_2_4:div2|divisor_2_2:div1|divisor_2:div1|t_flipflop:div1|tmp'
Slack : -0.758
TNS   : -0.758

Type  : Slow Model Hold 'divisor_2_16:div1|divisor_2_8:div1|divisor_2_4:div2|divisor_2_2:div2|divisor_2:div1|t_flipflop:div1|tmp'
Slack : -0.758
TNS   : -0.758

Type  : Slow Model Hold 'divisor_2_16:div1|divisor_2_8:div2|divisor_2_4:div1|divisor_2_2:div1|divisor_2:div1|t_flipflop:div1|tmp'
Slack : -0.758
TNS   : -0.758

Type  : Slow Model Hold 'divisor_2_16:div1|divisor_2_8:div2|divisor_2_4:div1|divisor_2_2:div2|divisor_2:div1|t_flipflop:div1|tmp'
Slack : -0.758
TNS   : -0.758

Type  : Slow Model Hold 'divisor_2_16:div1|divisor_2_8:div2|divisor_2_4:div2|divisor_2_2:div1|divisor_2:div1|t_flipflop:div1|tmp'
Slack : -0.758
TNS   : -0.758

Type  : Slow Model Hold 'divisor_2_8:div2|divisor_2_4:div1|divisor_2_2:div1|divisor_2:div2|t_flipflop:div1|tmp'
Slack : -0.758
TNS   : -0.758

Type  : Slow Model Hold 'divisor_2_8:div2|divisor_2_4:div2|divisor_2_2:div2|divisor_2:div2|t_flipflop:div1|tmp'
Slack : 0.445
TNS   : 0.000

Type  : Slow Model Minimum Pulse Width 'Clk'
Slack : -1.631
TNS   : -2.853

Type  : Slow Model Minimum Pulse Width 'divisor_2_16:div1|divisor_2_8:div1|divisor_2_4:div1|divisor_2_2:div1|divisor_2:div1|t_flipflop:div1|tmp'
Slack : -0.611
TNS   : -1.222

Type  : Slow Model Minimum Pulse Width 'divisor_2_16:div1|divisor_2_8:div1|divisor_2_4:div1|divisor_2_2:div1|divisor_2:div2|t_flipflop:div1|tmp'
Slack : -0.611
TNS   : -1.222

Type  : Slow Model Minimum Pulse Width 'divisor_2_16:div1|divisor_2_8:div1|divisor_2_4:div1|divisor_2_2:div2|divisor_2:div1|t_flipflop:div1|tmp'
Slack : -0.611
TNS   : -1.222

Type  : Slow Model Minimum Pulse Width 'divisor_2_16:div1|divisor_2_8:div1|divisor_2_4:div1|divisor_2_2:div2|divisor_2:div2|t_flipflop:div1|tmp'
Slack : -0.611
TNS   : -1.222

Type  : Slow Model Minimum Pulse Width 'divisor_2_16:div1|divisor_2_8:div1|divisor_2_4:div2|divisor_2_2:div1|divisor_2:div1|t_flipflop:div1|tmp'
Slack : -0.611
TNS   : -1.222

Type  : Slow Model Minimum Pulse Width 'divisor_2_16:div1|divisor_2_8:div1|divisor_2_4:div2|divisor_2_2:div1|divisor_2:div2|t_flipflop:div1|tmp'
Slack : -0.611
TNS   : -1.222

Type  : Slow Model Minimum Pulse Width 'divisor_2_16:div1|divisor_2_8:div1|divisor_2_4:div2|divisor_2_2:div2|divisor_2:div1|t_flipflop:div1|tmp'
Slack : -0.611
TNS   : -1.222

Type  : Slow Model Minimum Pulse Width 'divisor_2_16:div1|divisor_2_8:div1|divisor_2_4:div2|divisor_2_2:div2|divisor_2:div2|t_flipflop:div1|tmp'
Slack : -0.611
TNS   : -1.222

Type  : Slow Model Minimum Pulse Width 'divisor_2_16:div1|divisor_2_8:div2|divisor_2_4:div1|divisor_2_2:div1|divisor_2:div1|t_flipflop:div1|tmp'
Slack : -0.611
TNS   : -1.222

Type  : Slow Model Minimum Pulse Width 'divisor_2_16:div1|divisor_2_8:div2|divisor_2_4:div1|divisor_2_2:div1|divisor_2:div2|t_flipflop:div1|tmp'
Slack : -0.611
TNS   : -1.222

Type  : Slow Model Minimum Pulse Width 'divisor_2_16:div1|divisor_2_8:div2|divisor_2_4:div1|divisor_2_2:div2|divisor_2:div1|t_flipflop:div1|tmp'
Slack : -0.611
TNS   : -1.222

Type  : Slow Model Minimum Pulse Width 'divisor_2_16:div1|divisor_2_8:div2|divisor_2_4:div1|divisor_2_2:div2|divisor_2:div2|t_flipflop:div1|tmp'
Slack : -0.611
TNS   : -1.222

Type  : Slow Model Minimum Pulse Width 'divisor_2_16:div1|divisor_2_8:div2|divisor_2_4:div2|divisor_2_2:div1|divisor_2:div1|t_flipflop:div1|tmp'
Slack : -0.611
TNS   : -1.222

Type  : Slow Model Minimum Pulse Width 'divisor_2_16:div1|divisor_2_8:div2|divisor_2_4:div2|divisor_2_2:div1|divisor_2:div2|t_flipflop:div1|tmp'
Slack : -0.611
TNS   : -1.222

Type  : Slow Model Minimum Pulse Width 'divisor_2_16:div1|divisor_2_8:div2|divisor_2_4:div2|divisor_2_2:div2|divisor_2:div1|t_flipflop:div1|tmp'
Slack : -0.611
TNS   : -1.222

Type  : Slow Model Minimum Pulse Width 'divisor_2_16:div1|divisor_2_8:div2|divisor_2_4:div2|divisor_2_2:div2|divisor_2:div2|t_flipflop:div1|tmp'
Slack : -0.611
TNS   : -1.222

Type  : Slow Model Minimum Pulse Width 'divisor_2_8:div2|divisor_2_4:div1|divisor_2_2:div1|divisor_2:div1|t_flipflop:div1|tmp'
Slack : -0.611
TNS   : -1.222

Type  : Slow Model Minimum Pulse Width 'divisor_2_8:div2|divisor_2_4:div1|divisor_2_2:div1|divisor_2:div2|t_flipflop:div1|tmp'
Slack : -0.611
TNS   : -1.222

Type  : Slow Model Minimum Pulse Width 'divisor_2_8:div2|divisor_2_4:div1|divisor_2_2:div2|divisor_2:div1|t_flipflop:div1|tmp'
Slack : -0.611
TNS   : -1.222

Type  : Slow Model Minimum Pulse Width 'divisor_2_8:div2|divisor_2_4:div1|divisor_2_2:div2|divisor_2:div2|t_flipflop:div1|tmp'
Slack : -0.611
TNS   : -1.222

Type  : Slow Model Minimum Pulse Width 'divisor_2_8:div2|divisor_2_4:div2|divisor_2_2:div1|divisor_2:div1|t_flipflop:div1|tmp'
Slack : -0.611
TNS   : -1.222

Type  : Slow Model Minimum Pulse Width 'divisor_2_8:div2|divisor_2_4:div2|divisor_2_2:div1|divisor_2:div2|t_flipflop:div1|tmp'
Slack : -0.611
TNS   : -1.222

Type  : Slow Model Minimum Pulse Width 'divisor_2_8:div2|divisor_2_4:div2|divisor_2_2:div2|divisor_2:div1|t_flipflop:div1|tmp'
Slack : -0.611
TNS   : -1.222

Type  : Slow Model Minimum Pulse Width 'divisor_2_8:div2|divisor_2_4:div2|divisor_2_2:div2|divisor_2:div2|t_flipflop:div1|tmp'
Slack : -0.611
TNS   : -1.222

Type  : Fast Model Setup 'divisor_2_8:div2|divisor_2_4:div2|divisor_2_2:div2|divisor_2:div2|t_flipflop:div1|tmp'
Slack : 0.665
TNS   : 0.000

Type  : Fast Model Setup 'divisor_2_16:div1|divisor_2_8:div1|divisor_2_4:div1|divisor_2_2:div1|divisor_2:div1|t_flipflop:div1|tmp'
Slack : 0.773
TNS   : 0.000

Type  : Fast Model Setup 'divisor_2_16:div1|divisor_2_8:div1|divisor_2_4:div2|divisor_2_2:div1|divisor_2:div1|t_flipflop:div1|tmp'
Slack : 0.773
TNS   : 0.000

Type  : Fast Model Setup 'divisor_2_16:div1|divisor_2_8:div1|divisor_2_4:div2|divisor_2_2:div2|divisor_2:div1|t_flipflop:div1|tmp'
Slack : 0.773
TNS   : 0.000

Type  : Fast Model Setup 'divisor_2_16:div1|divisor_2_8:div2|divisor_2_4:div1|divisor_2_2:div1|divisor_2:div1|t_flipflop:div1|tmp'
Slack : 0.773
TNS   : 0.000

Type  : Fast Model Setup 'divisor_2_16:div1|divisor_2_8:div2|divisor_2_4:div1|divisor_2_2:div2|divisor_2:div1|t_flipflop:div1|tmp'
Slack : 0.773
TNS   : 0.000

Type  : Fast Model Setup 'divisor_2_16:div1|divisor_2_8:div2|divisor_2_4:div2|divisor_2_2:div1|divisor_2:div1|t_flipflop:div1|tmp'
Slack : 0.773
TNS   : 0.000

Type  : Fast Model Setup 'divisor_2_16:div1|divisor_2_8:div1|divisor_2_4:div1|divisor_2_2:div2|divisor_2:div1|t_flipflop:div1|tmp'
Slack : 0.774
TNS   : 0.000

Type  : Fast Model Setup 'divisor_2_16:div1|divisor_2_8:div2|divisor_2_4:div2|divisor_2_2:div2|divisor_2:div2|t_flipflop:div1|tmp'
Slack : 0.774
TNS   : 0.000

Type  : Fast Model Setup 'divisor_2_8:div2|divisor_2_4:div1|divisor_2_2:div1|divisor_2:div2|t_flipflop:div1|tmp'
Slack : 0.774
TNS   : 0.000

Type  : Fast Model Setup 'divisor_2_8:div2|divisor_2_4:div1|divisor_2_2:div2|divisor_2:div2|t_flipflop:div1|tmp'
Slack : 0.774
TNS   : 0.000

Type  : Fast Model Setup 'divisor_2_8:div2|divisor_2_4:div2|divisor_2_2:div1|divisor_2:div2|t_flipflop:div1|tmp'
Slack : 0.774
TNS   : 0.000

Type  : Fast Model Setup 'divisor_2_16:div1|divisor_2_8:div2|divisor_2_4:div2|divisor_2_2:div1|divisor_2:div2|t_flipflop:div1|tmp'
Slack : 0.841
TNS   : 0.000

Type  : Fast Model Setup 'divisor_2_16:div1|divisor_2_8:div2|divisor_2_4:div1|divisor_2_2:div2|divisor_2:div2|t_flipflop:div1|tmp'
Slack : 0.842
TNS   : 0.000

Type  : Fast Model Setup 'divisor_2_8:div2|divisor_2_4:div1|divisor_2_2:div1|divisor_2:div1|t_flipflop:div1|tmp'
Slack : 0.842
TNS   : 0.000

Type  : Fast Model Setup 'divisor_2_8:div2|divisor_2_4:div2|divisor_2_2:div2|divisor_2:div1|t_flipflop:div1|tmp'
Slack : 0.842
TNS   : 0.000

Type  : Fast Model Setup 'divisor_2_16:div1|divisor_2_8:div1|divisor_2_4:div2|divisor_2_2:div1|divisor_2:div2|t_flipflop:div1|tmp'
Slack : 0.855
TNS   : 0.000

Type  : Fast Model Setup 'divisor_2_16:div1|divisor_2_8:div1|divisor_2_4:div2|divisor_2_2:div2|divisor_2:div2|t_flipflop:div1|tmp'
Slack : 0.855
TNS   : 0.000

Type  : Fast Model Setup 'divisor_2_8:div2|divisor_2_4:div1|divisor_2_2:div2|divisor_2:div1|t_flipflop:div1|tmp'
Slack : 0.955
TNS   : 0.000

Type  : Fast Model Setup 'divisor_2_8:div2|divisor_2_4:div2|divisor_2_2:div1|divisor_2:div1|t_flipflop:div1|tmp'
Slack : 0.970
TNS   : 0.000

Type  : Fast Model Setup 'divisor_2_16:div1|divisor_2_8:div1|divisor_2_4:div1|divisor_2_2:div2|divisor_2:div2|t_flipflop:div1|tmp'
Slack : 0.987
TNS   : 0.000

Type  : Fast Model Setup 'divisor_2_16:div1|divisor_2_8:div1|divisor_2_4:div1|divisor_2_2:div1|divisor_2:div2|t_flipflop:div1|tmp'
Slack : 0.997
TNS   : 0.000

Type  : Fast Model Setup 'divisor_2_16:div1|divisor_2_8:div2|divisor_2_4:div2|divisor_2_2:div2|divisor_2:div1|t_flipflop:div1|tmp'
Slack : 0.999
TNS   : 0.000

Type  : Fast Model Setup 'divisor_2_16:div1|divisor_2_8:div2|divisor_2_4:div1|divisor_2_2:div1|divisor_2:div2|t_flipflop:div1|tmp'
Slack : 1.056
TNS   : 0.000

Type  : Fast Model Setup 'Clk'
Slack : 1.467
TNS   : 0.000

Type  : Fast Model Hold 'Clk'
Slack : -1.087
TNS   : -1.087

Type  : Fast Model Hold 'divisor_2_16:div1|divisor_2_8:div2|divisor_2_4:div1|divisor_2_2:div1|divisor_2:div2|t_flipflop:div1|tmp'
Slack : -0.676
TNS   : -0.676

Type  : Fast Model Hold 'divisor_2_16:div1|divisor_2_8:div2|divisor_2_4:div2|divisor_2_2:div2|divisor_2:div1|t_flipflop:div1|tmp'
Slack : -0.619
TNS   : -0.619

Type  : Fast Model Hold 'divisor_2_16:div1|divisor_2_8:div1|divisor_2_4:div1|divisor_2_2:div1|divisor_2:div2|t_flipflop:div1|tmp'
Slack : -0.617
TNS   : -0.617

Type  : Fast Model Hold 'divisor_2_16:div1|divisor_2_8:div1|divisor_2_4:div1|divisor_2_2:div2|divisor_2:div2|t_flipflop:div1|tmp'
Slack : -0.607
TNS   : -0.607

Type  : Fast Model Hold 'divisor_2_8:div2|divisor_2_4:div2|divisor_2_2:div1|divisor_2:div1|t_flipflop:div1|tmp'
Slack : -0.590
TNS   : -0.590

Type  : Fast Model Hold 'divisor_2_8:div2|divisor_2_4:div1|divisor_2_2:div2|divisor_2:div1|t_flipflop:div1|tmp'
Slack : -0.575
TNS   : -0.575

Type  : Fast Model Hold 'divisor_2_16:div1|divisor_2_8:div1|divisor_2_4:div2|divisor_2_2:div1|divisor_2:div2|t_flipflop:div1|tmp'
Slack : -0.475
TNS   : -0.475

Type  : Fast Model Hold 'divisor_2_16:div1|divisor_2_8:div1|divisor_2_4:div2|divisor_2_2:div2|divisor_2:div2|t_flipflop:div1|tmp'
Slack : -0.475
TNS   : -0.475

Type  : Fast Model Hold 'divisor_2_16:div1|divisor_2_8:div2|divisor_2_4:div1|divisor_2_2:div2|divisor_2:div2|t_flipflop:div1|tmp'
Slack : -0.462
TNS   : -0.462

Type  : Fast Model Hold 'divisor_2_8:div2|divisor_2_4:div1|divisor_2_2:div1|divisor_2:div1|t_flipflop:div1|tmp'
Slack : -0.462
TNS   : -0.462

Type  : Fast Model Hold 'divisor_2_8:div2|divisor_2_4:div2|divisor_2_2:div2|divisor_2:div1|t_flipflop:div1|tmp'
Slack : -0.462
TNS   : -0.462

Type  : Fast Model Hold 'divisor_2_16:div1|divisor_2_8:div2|divisor_2_4:div2|divisor_2_2:div1|divisor_2:div2|t_flipflop:div1|tmp'
Slack : -0.461
TNS   : -0.461

Type  : Fast Model Hold 'divisor_2_16:div1|divisor_2_8:div1|divisor_2_4:div1|divisor_2_2:div2|divisor_2:div1|t_flipflop:div1|tmp'
Slack : -0.394
TNS   : -0.394

Type  : Fast Model Hold 'divisor_2_16:div1|divisor_2_8:div2|divisor_2_4:div2|divisor_2_2:div2|divisor_2:div2|t_flipflop:div1|tmp'
Slack : -0.394
TNS   : -0.394

Type  : Fast Model Hold 'divisor_2_8:div2|divisor_2_4:div1|divisor_2_2:div1|divisor_2:div2|t_flipflop:div1|tmp'
Slack : -0.394
TNS   : -0.394

Type  : Fast Model Hold 'divisor_2_8:div2|divisor_2_4:div1|divisor_2_2:div2|divisor_2:div2|t_flipflop:div1|tmp'
Slack : -0.394
TNS   : -0.394

Type  : Fast Model Hold 'divisor_2_8:div2|divisor_2_4:div2|divisor_2_2:div1|divisor_2:div2|t_flipflop:div1|tmp'
Slack : -0.394
TNS   : -0.394

Type  : Fast Model Hold 'divisor_2_16:div1|divisor_2_8:div1|divisor_2_4:div1|divisor_2_2:div1|divisor_2:div1|t_flipflop:div1|tmp'
Slack : -0.393
TNS   : -0.393

Type  : Fast Model Hold 'divisor_2_16:div1|divisor_2_8:div1|divisor_2_4:div2|divisor_2_2:div1|divisor_2:div1|t_flipflop:div1|tmp'
Slack : -0.393
TNS   : -0.393

Type  : Fast Model Hold 'divisor_2_16:div1|divisor_2_8:div1|divisor_2_4:div2|divisor_2_2:div2|divisor_2:div1|t_flipflop:div1|tmp'
Slack : -0.393
TNS   : -0.393

Type  : Fast Model Hold 'divisor_2_16:div1|divisor_2_8:div2|divisor_2_4:div1|divisor_2_2:div1|divisor_2:div1|t_flipflop:div1|tmp'
Slack : -0.393
TNS   : -0.393

Type  : Fast Model Hold 'divisor_2_16:div1|divisor_2_8:div2|divisor_2_4:div1|divisor_2_2:div2|divisor_2:div1|t_flipflop:div1|tmp'
Slack : -0.393
TNS   : -0.393

Type  : Fast Model Hold 'divisor_2_16:div1|divisor_2_8:div2|divisor_2_4:div2|divisor_2_2:div1|divisor_2:div1|t_flipflop:div1|tmp'
Slack : -0.393
TNS   : -0.393

Type  : Fast Model Hold 'divisor_2_8:div2|divisor_2_4:div2|divisor_2_2:div2|divisor_2:div2|t_flipflop:div1|tmp'
Slack : 0.215
TNS   : 0.000

Type  : Fast Model Minimum Pulse Width 'Clk'
Slack : -1.380
TNS   : -2.380

Type  : Fast Model Minimum Pulse Width 'divisor_2_16:div1|divisor_2_8:div1|divisor_2_4:div1|divisor_2_2:div1|divisor_2:div1|t_flipflop:div1|tmp'
Slack : -0.500
TNS   : -1.000

Type  : Fast Model Minimum Pulse Width 'divisor_2_16:div1|divisor_2_8:div1|divisor_2_4:div1|divisor_2_2:div1|divisor_2:div2|t_flipflop:div1|tmp'
Slack : -0.500
TNS   : -1.000

Type  : Fast Model Minimum Pulse Width 'divisor_2_16:div1|divisor_2_8:div1|divisor_2_4:div1|divisor_2_2:div2|divisor_2:div1|t_flipflop:div1|tmp'
Slack : -0.500
TNS   : -1.000

Type  : Fast Model Minimum Pulse Width 'divisor_2_16:div1|divisor_2_8:div1|divisor_2_4:div1|divisor_2_2:div2|divisor_2:div2|t_flipflop:div1|tmp'
Slack : -0.500
TNS   : -1.000

Type  : Fast Model Minimum Pulse Width 'divisor_2_16:div1|divisor_2_8:div1|divisor_2_4:div2|divisor_2_2:div1|divisor_2:div1|t_flipflop:div1|tmp'
Slack : -0.500
TNS   : -1.000

Type  : Fast Model Minimum Pulse Width 'divisor_2_16:div1|divisor_2_8:div1|divisor_2_4:div2|divisor_2_2:div1|divisor_2:div2|t_flipflop:div1|tmp'
Slack : -0.500
TNS   : -1.000

Type  : Fast Model Minimum Pulse Width 'divisor_2_16:div1|divisor_2_8:div1|divisor_2_4:div2|divisor_2_2:div2|divisor_2:div1|t_flipflop:div1|tmp'
Slack : -0.500
TNS   : -1.000

Type  : Fast Model Minimum Pulse Width 'divisor_2_16:div1|divisor_2_8:div1|divisor_2_4:div2|divisor_2_2:div2|divisor_2:div2|t_flipflop:div1|tmp'
Slack : -0.500
TNS   : -1.000

Type  : Fast Model Minimum Pulse Width 'divisor_2_16:div1|divisor_2_8:div2|divisor_2_4:div1|divisor_2_2:div1|divisor_2:div1|t_flipflop:div1|tmp'
Slack : -0.500
TNS   : -1.000

Type  : Fast Model Minimum Pulse Width 'divisor_2_16:div1|divisor_2_8:div2|divisor_2_4:div1|divisor_2_2:div1|divisor_2:div2|t_flipflop:div1|tmp'
Slack : -0.500
TNS   : -1.000

Type  : Fast Model Minimum Pulse Width 'divisor_2_16:div1|divisor_2_8:div2|divisor_2_4:div1|divisor_2_2:div2|divisor_2:div1|t_flipflop:div1|tmp'
Slack : -0.500
TNS   : -1.000

Type  : Fast Model Minimum Pulse Width 'divisor_2_16:div1|divisor_2_8:div2|divisor_2_4:div1|divisor_2_2:div2|divisor_2:div2|t_flipflop:div1|tmp'
Slack : -0.500
TNS   : -1.000

Type  : Fast Model Minimum Pulse Width 'divisor_2_16:div1|divisor_2_8:div2|divisor_2_4:div2|divisor_2_2:div1|divisor_2:div1|t_flipflop:div1|tmp'
Slack : -0.500
TNS   : -1.000

Type  : Fast Model Minimum Pulse Width 'divisor_2_16:div1|divisor_2_8:div2|divisor_2_4:div2|divisor_2_2:div1|divisor_2:div2|t_flipflop:div1|tmp'
Slack : -0.500
TNS   : -1.000

Type  : Fast Model Minimum Pulse Width 'divisor_2_16:div1|divisor_2_8:div2|divisor_2_4:div2|divisor_2_2:div2|divisor_2:div1|t_flipflop:div1|tmp'
Slack : -0.500
TNS   : -1.000

Type  : Fast Model Minimum Pulse Width 'divisor_2_16:div1|divisor_2_8:div2|divisor_2_4:div2|divisor_2_2:div2|divisor_2:div2|t_flipflop:div1|tmp'
Slack : -0.500
TNS   : -1.000

Type  : Fast Model Minimum Pulse Width 'divisor_2_8:div2|divisor_2_4:div1|divisor_2_2:div1|divisor_2:div1|t_flipflop:div1|tmp'
Slack : -0.500
TNS   : -1.000

Type  : Fast Model Minimum Pulse Width 'divisor_2_8:div2|divisor_2_4:div1|divisor_2_2:div1|divisor_2:div2|t_flipflop:div1|tmp'
Slack : -0.500
TNS   : -1.000

Type  : Fast Model Minimum Pulse Width 'divisor_2_8:div2|divisor_2_4:div1|divisor_2_2:div2|divisor_2:div1|t_flipflop:div1|tmp'
Slack : -0.500
TNS   : -1.000

Type  : Fast Model Minimum Pulse Width 'divisor_2_8:div2|divisor_2_4:div1|divisor_2_2:div2|divisor_2:div2|t_flipflop:div1|tmp'
Slack : -0.500
TNS   : -1.000

Type  : Fast Model Minimum Pulse Width 'divisor_2_8:div2|divisor_2_4:div2|divisor_2_2:div1|divisor_2:div1|t_flipflop:div1|tmp'
Slack : -0.500
TNS   : -1.000

Type  : Fast Model Minimum Pulse Width 'divisor_2_8:div2|divisor_2_4:div2|divisor_2_2:div1|divisor_2:div2|t_flipflop:div1|tmp'
Slack : -0.500
TNS   : -1.000

Type  : Fast Model Minimum Pulse Width 'divisor_2_8:div2|divisor_2_4:div2|divisor_2_2:div2|divisor_2:div1|t_flipflop:div1|tmp'
Slack : -0.500
TNS   : -1.000

Type  : Fast Model Minimum Pulse Width 'divisor_2_8:div2|divisor_2_4:div2|divisor_2_2:div2|divisor_2:div2|t_flipflop:div1|tmp'
Slack : -0.500
TNS   : -1.000

------------------------------------------------------------
