------------------------------------------------------------
TimeQuest Timing Analyzer Summary
------------------------------------------------------------

Type  : Slow Model Setup 'iP[0]'
Slack : -10.074
TNS   : -23.572

Type  : Slow Model Setup 'iP[2]'
Slack : -9.768
TNS   : -23.709

Type  : Slow Model Setup 'Clk'
Slack : -9.055
TNS   : -9.055

Type  : Slow Model Hold 'iP[2]'
Slack : -4.055
TNS   : -7.354

Type  : Slow Model Hold 'iP[0]'
Slack : -3.818
TNS   : -5.382

Type  : Slow Model Hold 'Clk'
Slack : -0.377
TNS   : -0.377

Type  : Slow Model Recovery 'iP[0]'
Slack : -8.765
TNS   : -22.022

Type  : Slow Model Recovery 'Clk'
Slack : -8.762
TNS   : -8.762

Type  : Slow Model Recovery 'iP[2]'
Slack : -8.412
TNS   : -22.159

Type  : Slow Model Removal 'iP[0]'
Slack : -3.304
TNS   : -4.064

Type  : Slow Model Removal 'iP[2]'
Slack : -2.967
TNS   : -5.114

Type  : Slow Model Removal 'Clk'
Slack : 0.621
TNS   : 0.000

Type  : Slow Model Minimum Pulse Width 'iP[2]'
Slack : -2.605
TNS   : -35.027

Type  : Slow Model Minimum Pulse Width 'iP[0]'
Slack : -1.902
TNS   : -22.373

Type  : Slow Model Minimum Pulse Width 'Clk'
Slack : -1.469
TNS   : -2.691

Type  : Fast Model Setup 'iP[0]'
Slack : -3.409
TNS   : -7.176

Type  : Fast Model Setup 'iP[2]'
Slack : -3.286
TNS   : -7.265

Type  : Fast Model Setup 'Clk'
Slack : -2.749
TNS   : -2.749

Type  : Fast Model Hold 'iP[2]'
Slack : -1.517
TNS   : -2.738

Type  : Fast Model Hold 'iP[0]'
Slack : -1.433
TNS   : -1.903

Type  : Fast Model Hold 'Clk'
Slack : -0.296
TNS   : -0.296

Type  : Fast Model Recovery 'iP[0]'
Slack : -2.896
TNS   : -6.829

Type  : Fast Model Recovery 'Clk'
Slack : -2.785
TNS   : -2.785

Type  : Fast Model Recovery 'iP[2]'
Slack : -2.773
TNS   : -6.918

Type  : Fast Model Removal 'iP[0]'
Slack : -1.289
TNS   : -1.465

Type  : Fast Model Removal 'iP[2]'
Slack : -1.173
TNS   : -1.994

Type  : Fast Model Removal 'Clk'
Slack : 0.201
TNS   : 0.000

Type  : Fast Model Minimum Pulse Width 'iP[2]'
Slack : -1.269
TNS   : -12.064

Type  : Fast Model Minimum Pulse Width 'iP[0]'
Slack : -1.222
TNS   : -6.988

Type  : Fast Model Minimum Pulse Width 'Clk'
Slack : -1.222
TNS   : -2.222

------------------------------------------------------------
